2026-06-02 11:40:42  INFO  === Início sync prazos ===
2026-06-02 11:40:42  INFO  Lendo Excel de prazos...
2026-06-02 11:40:44  INFO  15782 prazos lidos.
2026-06-02 11:40:45  INFO  JSON salvo: C:\Users\ach\temp_mobile_fix\dashboard-juridico\dados.json
2026-06-02 11:40:46  INFO  Delete Supabase: 204
2026-06-02 11:40:48  INFO  Lote 1: 500 registros inseridos
2026-06-02 11:40:50  INFO  Lote 2: 500 registros inseridos
2026-06-02 11:40:53  INFO  Lote 3: 500 registros inseridos
2026-06-02 11:40:55  INFO  Lote 4: 500 registros inseridos
2026-06-02 11:40:57  INFO  Lote 5: 500 registros inseridos
2026-06-02 11:40:58  INFO  Lote 6: 500 registros inseridos
2026-06-02 11:41:00  INFO  Lote 7: 500 registros inseridos
2026-06-02 11:41:01  INFO  Lote 8: 500 registros inseridos
2026-06-02 11:41:03  INFO  Lote 9: 500 registros inseridos
2026-06-02 11:41:04  INFO  Lote 10: 500 registros inseridos
2026-06-02 11:41:06  INFO  Lote 11: 500 registros inseridos
2026-06-02 11:41:08  INFO  Lote 12: 500 registros inseridos
2026-06-02 11:41:09  INFO  Lote 13: 500 registros inseridos
2026-06-02 11:41:10  INFO  Lote 14: 500 registros inseridos
2026-06-02 11:41:11  INFO  Lote 15: 500 registros inseridos
2026-06-02 11:41:13  INFO  Lote 16: 500 registros inseridos
2026-06-02 11:41:14  INFO  Lote 17: 500 registros inseridos
2026-06-02 11:41:15  INFO  Lote 18: 500 registros inseridos
2026-06-02 11:41:16  INFO  Lote 19: 500 registros inseridos
2026-06-02 11:41:18  INFO  Lote 20: 500 registros inseridos
2026-06-02 11:41:20  INFO  Lote 21: 500 registros inseridos
2026-06-02 11:41:21  INFO  Lote 22: 500 registros inseridos
2026-06-02 11:41:22  INFO  Lote 23: 500 registros inseridos
2026-06-02 11:41:24  INFO  Lote 24: 500 registros inseridos
2026-06-02 11:41:25  INFO  Lote 25: 500 registros inseridos
2026-06-02 11:41:26  INFO  Lote 26: 500 registros inseridos
2026-06-02 11:41:28  INFO  Lote 27: 500 registros inseridos
2026-06-02 11:41:30  INFO  Lote 28: 500 registros inseridos
2026-06-02 11:41:32  INFO  Lote 29: 500 registros inseridos
2026-06-02 11:41:35  INFO  Lote 30: 500 registros inseridos
2026-06-02 11:41:36  INFO  Lote 31: 500 registros inseridos
2026-06-02 11:41:38  INFO  Lote 32: 282 registros inseridos
2026-06-02 11:41:38  INFO  === Concluído ===
2026-06-02 11:41:48  INFO  === Início sync prazos ===
2026-06-02 11:41:48  INFO  Lendo Excel de prazos...
2026-06-02 11:41:53  INFO  15782 prazos lidos.
2026-06-02 11:41:53  INFO  JSON salvo: C:\Users\ach\temp_mobile_fix\dashboard-juridico\dados.json
2026-06-02 11:42:13  ERROR  ERRO: HTTPSConnectionPool(host='kgyeeuynerhpaqlhqwkx.supabase.co', port=443): Read timed out. (read timeout=None)
Traceback (most recent call last):
  File "C:\Users\ach\AppData\Local\Programs\Python\Python312\Lib\site-packages\urllib3\connectionpool.py", line 464, in _make_request
    self._validate_conn(conn)
  File "C:\Users\ach\AppData\Local\Programs\Python\Python312\Lib\site-packages\urllib3\connectionpool.py", line 1106, in _validate_conn
    conn.connect()
  File "C:\Users\ach\AppData\Local\Programs\Python\Python312\Lib\site-packages\urllib3\connection.py", line 796, in connect
    sock_and_verified = _ssl_wrap_socket_and_match_hostname(
                        ^^^^^^^^^^^^^^^^^^^^^^^^^^^^^^^^^^^^
  File "C:\Users\ach\AppData\Local\Programs\Python\Python312\Lib\site-packages\urllib3\connection.py", line 975, in _ssl_wrap_socket_and_match_hostname
    ssl_sock = ssl_wrap_socket(
               ^^^^^^^^^^^^^^^^
  File "C:\Users\ach\AppData\Local\Programs\Python\Python312\Lib\site-packages\urllib3\util\ssl_.py", line 433, in ssl_wrap_socket
    ssl_sock = _ssl_wrap_socket_impl(sock, context, tls_in_tls, server_hostname)
               ^^^^^^^^^^^^^^^^^^^^^^^^^^^^^^^^^^^^^^^^^^^^^^^^^^^^^^^^^^^^^^^^^
  File "C:\Users\ach\AppData\Local\Programs\Python\Python312\Lib\site-packages\urllib3\util\ssl_.py", line 477, in _ssl_wrap_socket_impl
    return ssl_context.wrap_socket(sock, server_hostname=server_hostname)
           ^^^^^^^^^^^^^^^^^^^^^^^^^^^^^^^^^^^^^^^^^^^^^^^^^^^^^^^^^^^^^^
  File "C:\Users\ach\AppData\Local\Programs\Python\Python312\Lib\ssl.py", line 455, in wrap_socket
    return self.sslsocket_class._create(
           ^^^^^^^^^^^^^^^^^^^^^^^^^^^^^
  File "C:\Users\ach\AppData\Local\Programs\Python\Python312\Lib\ssl.py", line 1041, in _create
    self.do_handshake()
  File "C:\Users\ach\AppData\Local\Programs\Python\Python312\Lib\ssl.py", line 1319, in do_handshake
    self._sslobj.do_handshake()
TimeoutError: [WinError 10060] Uma tentativa de conexão falhou porque o componente conectado não respondeu
corretamente após um período de tempo ou a conexão estabelecida falhou
porque o host conectado não respondeu

The above exception was the direct cause of the following exception:

Traceback (most recent call last):
  File "C:\Users\ach\AppData\Local\Programs\Python\Python312\Lib\site-packages\requests\adapters.py", line 696, in send
    resp = conn.urlopen(
           ^^^^^^^^^^^^^
  File "C:\Users\ach\AppData\Local\Programs\Python\Python312\Lib\site-packages\urllib3\connectionpool.py", line 842, in urlopen
    retries = retries.increment(
              ^^^^^^^^^^^^^^^^^^
  File "C:\Users\ach\AppData\Local\Programs\Python\Python312\Lib\site-packages\urllib3\util\retry.py", line 498, in increment
    raise reraise(type(error), error, _stacktrace)
          ^^^^^^^^^^^^^^^^^^^^^^^^^^^^^^^^^^^^^^^^
  File "C:\Users\ach\AppData\Local\Programs\Python\Python312\Lib\site-packages\urllib3\util\util.py", line 39, in reraise
    raise value
  File "C:\Users\ach\AppData\Local\Programs\Python\Python312\Lib\site-packages\urllib3\connectionpool.py", line 788, in urlopen
    response = self._make_request(
               ^^^^^^^^^^^^^^^^^^^
  File "C:\Users\ach\AppData\Local\Programs\Python\Python312\Lib\site-packages\urllib3\connectionpool.py", line 488, in _make_request
    raise new_e
  File "C:\Users\ach\AppData\Local\Programs\Python\Python312\Lib\site-packages\urllib3\connectionpool.py", line 466, in _make_request
    self._raise_timeout(err=e, url=url, timeout_value=conn.timeout)
  File "C:\Users\ach\AppData\Local\Programs\Python\Python312\Lib\site-packages\urllib3\connectionpool.py", line 367, in _raise_timeout
    raise ReadTimeoutError(
urllib3.exceptions.ReadTimeoutError: HTTPSConnectionPool(host='kgyeeuynerhpaqlhqwkx.supabase.co', port=443): Read timed out. (read timeout=None)

During handling of the above exception, another exception occurred:

Traceback (most recent call last):
  File "C:\Users\ach\temp_mobile_fix\dashboard-juridico\sync_prazos.py", line 122, in main
    upload_supabase(registros)
  File "C:\Users\ach\temp_mobile_fix\dashboard-juridico\sync_prazos.py", line 96, in upload_supabase
    r = requests.delete(
        ^^^^^^^^^^^^^^^^
  File "C:\Users\ach\AppData\Local\Programs\Python\Python312\Lib\site-packages\requests\api.py", line 180, in delete
    return request("delete", url, **kwargs)
           ^^^^^^^^^^^^^^^^^^^^^^^^^^^^^^^^
  File "C:\Users\ach\AppData\Local\Programs\Python\Python312\Lib\site-packages\requests\api.py", line 71, in request
    return session.request(method=method, url=url, **kwargs)
           ^^^^^^^^^^^^^^^^^^^^^^^^^^^^^^^^^^^^^^^^^^^^^^^^^
  File "C:\Users\ach\AppData\Local\Programs\Python\Python312\Lib\site-packages\requests\sessions.py", line 651, in request
    resp = self.send(prep, **send_kwargs)
           ^^^^^^^^^^^^^^^^^^^^^^^^^^^^^^
  File "C:\Users\ach\AppData\Local\Programs\Python\Python312\Lib\site-packages\requests\sessions.py", line 784, in send
    r = adapter.send(request, **kwargs)
        ^^^^^^^^^^^^^^^^^^^^^^^^^^^^^^^
  File "C:\Users\ach\AppData\Local\Programs\Python\Python312\Lib\site-packages\requests\adapters.py", line 742, in send
    raise ReadTimeout(e, request=request)
requests.exceptions.ReadTimeout: HTTPSConnectionPool(host='kgyeeuynerhpaqlhqwkx.supabase.co', port=443): Read timed out. (read timeout=None)
2026-06-02 11:42:51  INFO  === Início sync prazos ===
2026-06-02 11:42:51  INFO  Lendo Excel de prazos...
2026-06-02 11:42:54  INFO  15782 prazos lidos.
2026-06-02 11:42:54  INFO  JSON salvo: C:\Users\ach\temp_mobile_fix\dashboard-juridico\dados.json
2026-06-02 11:42:55  INFO  Delete Supabase: 204
2026-06-02 11:42:55  INFO  Lote 1: 200 registros inseridos
2026-06-02 11:42:56  INFO  Lote 2: 200 registros inseridos
2026-06-02 11:42:57  INFO  Lote 3: 200 registros inseridos
2026-06-02 11:42:57  INFO  Lote 4: 200 registros inseridos
2026-06-02 11:42:58  INFO  Lote 5: 200 registros inseridos
2026-06-02 11:42:59  INFO  Lote 6: 200 registros inseridos
2026-06-02 11:43:01  INFO  Lote 7: 200 registros inseridos
2026-06-02 11:43:01  INFO  Lote 8: 200 registros inseridos
2026-06-02 11:43:02  INFO  Lote 9: 200 registros inseridos
2026-06-02 11:43:03  INFO  Lote 10: 200 registros inseridos
2026-06-02 11:43:04  INFO  Lote 11: 200 registros inseridos
2026-06-02 11:43:04  INFO  Lote 12: 200 registros inseridos
2026-06-02 11:43:05  INFO  Lote 13: 200 registros inseridos
2026-06-02 11:43:05  INFO  Lote 14: 200 registros inseridos
2026-06-02 11:43:06  INFO  Lote 15: 200 registros inseridos
2026-06-02 11:43:07  INFO  Lote 16: 200 registros inseridos
2026-06-02 11:43:08  INFO  Lote 17: 200 registros inseridos
2026-06-02 11:43:08  INFO  Lote 18: 200 registros inseridos
2026-06-02 11:43:09  INFO  Lote 19: 200 registros inseridos
2026-06-02 11:43:10  INFO  Lote 20: 200 registros inseridos
2026-06-02 11:43:11  INFO  Lote 21: 200 registros inseridos
2026-06-02 11:43:11  INFO  Lote 22: 200 registros inseridos
2026-06-02 11:43:12  INFO  Lote 23: 200 registros inseridos
2026-06-02 11:43:13  INFO  Lote 24: 200 registros inseridos
2026-06-02 11:43:13  INFO  Lote 25: 200 registros inseridos
2026-06-02 11:43:14  INFO  Lote 26: 200 registros inseridos
2026-06-02 11:43:15  INFO  Lote 27: 200 registros inseridos
2026-06-02 11:43:15  INFO  Lote 28: 200 registros inseridos
2026-06-02 11:43:16  INFO  Lote 29: 200 registros inseridos
2026-06-02 11:43:17  INFO  Lote 30: 200 registros inseridos
2026-06-02 11:43:18  INFO  Lote 31: 200 registros inseridos
2026-06-02 11:43:18  INFO  Lote 32: 200 registros inseridos
2026-06-02 11:43:19  INFO  Lote 33: 200 registros inseridos
2026-06-02 11:43:20  INFO  Lote 34: 200 registros inseridos
2026-06-02 11:43:20  INFO  Lote 35: 200 registros inseridos
2026-06-02 11:43:21  INFO  Lote 36: 200 registros inseridos
2026-06-02 11:43:22  INFO  Lote 37: 200 registros inseridos
2026-06-02 11:43:23  INFO  Lote 38: 200 registros inseridos
2026-06-02 11:43:24  INFO  Lote 39: 200 registros inseridos
2026-06-02 11:43:25  INFO  Lote 40: 200 registros inseridos
2026-06-02 11:43:26  INFO  Lote 41: 200 registros inseridos
2026-06-02 11:43:27  INFO  Lote 42: 200 registros inseridos
2026-06-02 11:43:28  INFO  Lote 43: 200 registros inseridos
2026-06-02 11:43:29  INFO  Lote 44: 200 registros inseridos
2026-06-02 11:43:30  INFO  Lote 45: 200 registros inseridos
2026-06-02 11:43:31  INFO  Lote 46: 200 registros inseridos
2026-06-02 11:43:32  INFO  Lote 47: 200 registros inseridos
2026-06-02 11:43:33  INFO  Lote 48: 200 registros inseridos
2026-06-02 11:43:34  INFO  Lote 49: 200 registros inseridos
2026-06-02 11:43:34  INFO  Lote 50: 200 registros inseridos
2026-06-02 11:43:35  INFO  Lote 51: 200 registros inseridos
2026-06-02 11:43:36  INFO  Lote 52: 200 registros inseridos
2026-06-02 11:43:37  INFO  Lote 53: 200 registros inseridos
2026-06-02 11:43:38  INFO  Lote 54: 200 registros inseridos
2026-06-02 11:43:39  INFO  Lote 55: 200 registros inseridos
2026-06-02 11:43:40  INFO  Lote 56: 200 registros inseridos
2026-06-02 11:43:41  INFO  Lote 57: 200 registros inseridos
2026-06-02 11:43:42  INFO  Lote 58: 200 registros inseridos
2026-06-02 11:43:44  INFO  Lote 59: 200 registros inseridos
2026-06-02 11:43:45  INFO  Lote 60: 200 registros inseridos
2026-06-02 11:43:47  INFO  Lote 61: 200 registros inseridos
2026-06-02 11:43:48  INFO  Lote 62: 200 registros inseridos
2026-06-02 11:43:49  INFO  Lote 63: 200 registros inseridos
2026-06-02 11:43:51  INFO  Lote 64: 200 registros inseridos
2026-06-02 11:43:52  INFO  Lote 65: 200 registros inseridos
2026-06-02 11:43:53  INFO  Lote 66: 200 registros inseridos
2026-06-02 11:43:53  INFO  Lote 67: 200 registros inseridos
2026-06-02 11:43:54  INFO  Lote 68: 200 registros inseridos
2026-06-02 11:43:55  INFO  Lote 69: 200 registros inseridos
2026-06-02 11:43:56  INFO  Lote 70: 200 registros inseridos
2026-06-02 11:43:58  INFO  Lote 71: 200 registros inseridos
2026-06-02 11:43:59  INFO  Lote 72: 200 registros inseridos
2026-06-02 11:44:01  INFO  Lote 73: 200 registros inseridos
2026-06-02 11:44:03  INFO  Lote 74: 200 registros inseridos
2026-06-02 11:44:04  INFO  Lote 75: 200 registros inseridos
2026-06-02 11:44:05  INFO  Lote 76: 200 registros inseridos
2026-06-02 11:44:07  INFO  Lote 77: 200 registros inseridos
2026-06-02 11:44:09  INFO  Lote 78: 200 registros inseridos
2026-06-02 11:44:10  INFO  Lote 79: 182 registros inseridos
2026-06-02 11:44:10  INFO  === Concluído ===
2026-06-02 13:09:23  INFO  === Início sync prazos ===
2026-06-02 13:09:23  INFO  Lendo Excel de prazos...
2026-06-02 13:09:25  INFO  15782 prazos lidos.
2026-06-02 13:09:25  INFO  JSON salvo: C:\Users\ach\temp_mobile_fix\dashboard-juridico\dados.json
2026-06-02 13:09:27  INFO  Delete Supabase: 204
2026-06-02 13:09:29  INFO  Lote 1: 200 registros inseridos
2026-06-02 13:09:30  INFO  Lote 2: 200 registros inseridos
2026-06-02 13:09:32  INFO  Lote 3: 200 registros inseridos
2026-06-02 13:09:34  INFO  Lote 4: 200 registros inseridos
2026-06-02 13:09:34  INFO  Lote 5: 200 registros inseridos
2026-06-02 13:09:35  INFO  Lote 6: 200 registros inseridos
2026-06-02 13:09:37  INFO  Lote 7: 200 registros inseridos
2026-06-02 13:09:38  INFO  Lote 8: 200 registros inseridos
2026-06-02 13:09:38  INFO  Lote 9: 200 registros inseridos
2026-06-02 13:09:39  INFO  Lote 10: 200 registros inseridos
2026-06-02 13:09:41  INFO  Lote 11: 200 registros inseridos
2026-06-02 13:09:42  INFO  Lote 12: 200 registros inseridos
2026-06-02 13:09:43  INFO  Lote 13: 200 registros inseridos
2026-06-02 13:09:44  INFO  Lote 14: 200 registros inseridos
2026-06-02 13:09:45  INFO  Lote 15: 200 registros inseridos
2026-06-02 13:09:46  INFO  Lote 16: 200 registros inseridos
2026-06-02 13:09:47  INFO  Lote 17: 200 registros inseridos
2026-06-02 13:09:49  INFO  Lote 18: 200 registros inseridos
2026-06-02 13:09:50  INFO  Lote 19: 200 registros inseridos
2026-06-02 13:09:51  INFO  Lote 20: 200 registros inseridos
2026-06-02 13:09:52  INFO  Lote 21: 200 registros inseridos
2026-06-02 13:09:53  INFO  Lote 22: 200 registros inseridos
2026-06-02 13:09:53  INFO  Lote 23: 200 registros inseridos
2026-06-02 13:09:54  INFO  Lote 24: 200 registros inseridos
2026-06-02 13:09:55  INFO  Lote 25: 200 registros inseridos
2026-06-02 13:09:55  INFO  Lote 26: 200 registros inseridos
2026-06-02 13:09:56  INFO  Lote 27: 200 registros inseridos
2026-06-02 13:09:57  INFO  Lote 28: 200 registros inseridos
2026-06-02 13:09:57  INFO  Lote 29: 200 registros inseridos
2026-06-02 13:09:58  INFO  Lote 30: 200 registros inseridos
2026-06-02 13:09:59  INFO  Lote 31: 200 registros inseridos
2026-06-02 13:09:59  INFO  Lote 32: 200 registros inseridos
2026-06-02 13:10:00  INFO  Lote 33: 200 registros inseridos
2026-06-02 13:10:01  INFO  Lote 34: 200 registros inseridos
2026-06-02 13:10:01  INFO  Lote 35: 200 registros inseridos
2026-06-02 13:10:02  INFO  Lote 36: 200 registros inseridos
2026-06-02 13:10:03  INFO  Lote 37: 200 registros inseridos
2026-06-02 13:10:03  INFO  Lote 38: 200 registros inseridos
2026-06-02 13:10:04  INFO  Lote 39: 200 registros inseridos
2026-06-02 13:10:05  INFO  Lote 40: 200 registros inseridos
2026-06-02 13:10:06  INFO  Lote 41: 200 registros inseridos
2026-06-02 13:10:07  INFO  Lote 42: 200 registros inseridos
2026-06-02 13:10:08  INFO  Lote 43: 200 registros inseridos
2026-06-02 13:10:09  INFO  Lote 44: 200 registros inseridos
2026-06-02 13:10:09  INFO  Lote 45: 200 registros inseridos
2026-06-02 13:10:10  INFO  Lote 46: 200 registros inseridos
2026-06-02 13:10:11  INFO  Lote 47: 200 registros inseridos
2026-06-02 13:10:11  INFO  Lote 48: 200 registros inseridos
2026-06-02 13:10:12  INFO  Lote 49: 200 registros inseridos
2026-06-02 13:10:13  INFO  Lote 50: 200 registros inseridos
2026-06-02 13:10:13  INFO  Lote 51: 200 registros inseridos
2026-06-02 13:10:14  INFO  Lote 52: 200 registros inseridos
2026-06-02 13:10:14  INFO  Lote 53: 200 registros inseridos
2026-06-02 13:10:15  INFO  Lote 54: 200 registros inseridos
2026-06-02 13:10:16  INFO  Lote 55: 200 registros inseridos
2026-06-02 13:10:17  INFO  Lote 56: 200 registros inseridos
2026-06-02 13:10:18  INFO  Lote 57: 200 registros inseridos
2026-06-02 13:10:18  INFO  Lote 58: 200 registros inseridos
2026-06-02 13:10:19  INFO  Lote 59: 200 registros inseridos
2026-06-02 13:10:19  INFO  Lote 60: 200 registros inseridos
2026-06-02 13:10:20  INFO  Lote 61: 200 registros inseridos
2026-06-02 13:10:21  INFO  Lote 62: 200 registros inseridos
2026-06-02 13:10:21  INFO  Lote 63: 200 registros inseridos
2026-06-02 13:10:22  INFO  Lote 64: 200 registros inseridos
2026-06-02 13:10:22  INFO  Lote 65: 200 registros inseridos
2026-06-02 13:10:23  INFO  Lote 66: 200 registros inseridos
2026-06-02 13:10:24  INFO  Lote 67: 200 registros inseridos
2026-06-02 13:10:24  INFO  Lote 68: 200 registros inseridos
2026-06-02 13:10:25  INFO  Lote 69: 200 registros inseridos
2026-06-02 13:10:26  INFO  Lote 70: 200 registros inseridos
2026-06-02 13:10:26  INFO  Lote 71: 200 registros inseridos
2026-06-02 13:10:27  INFO  Lote 72: 200 registros inseridos
2026-06-02 13:10:28  INFO  Lote 73: 200 registros inseridos
2026-06-02 13:10:29  INFO  Lote 74: 200 registros inseridos
2026-06-02 13:10:30  INFO  Lote 75: 200 registros inseridos
2026-06-02 13:10:31  INFO  Lote 76: 200 registros inseridos
2026-06-02 13:10:31  INFO  Lote 77: 200 registros inseridos
2026-06-02 13:10:32  INFO  Lote 78: 200 registros inseridos
2026-06-02 13:10:33  INFO  Lote 79: 182 registros inseridos
2026-06-02 13:10:33  INFO  === Concluído ===
2026-06-02 13:11:23  INFO  === Início sync prazos ===
2026-06-02 13:11:23  INFO  Lendo Excel de prazos...
2026-06-02 13:11:25  INFO  15782 prazos lidos.
2026-06-02 13:11:25  INFO  JSON salvo: C:\Users\ach\temp_mobile_fix\dashboard-juridico\dados.json
2026-06-02 13:11:26  INFO  Delete Supabase: 204
2026-06-02 13:11:27  INFO  Lote 1: 200 registros inseridos
2026-06-02 13:11:28  INFO  Lote 2: 200 registros inseridos
2026-06-02 13:11:29  INFO  Lote 3: 200 registros inseridos
2026-06-02 13:11:29  INFO  Lote 4: 200 registros inseridos
2026-06-02 13:11:30  INFO  Lote 5: 200 registros inseridos
2026-06-02 13:11:30  INFO  Lote 6: 200 registros inseridos
2026-06-02 13:11:31  INFO  Lote 7: 200 registros inseridos
2026-06-02 13:11:32  INFO  Lote 8: 200 registros inseridos
2026-06-02 13:11:33  INFO  Lote 9: 200 registros inseridos
2026-06-02 13:11:34  INFO  Lote 10: 200 registros inseridos
2026-06-02 13:11:35  INFO  Lote 11: 200 registros inseridos
2026-06-02 13:11:36  INFO  Lote 12: 200 registros inseridos
2026-06-02 13:11:37  INFO  Lote 13: 200 registros inseridos
2026-06-02 13:11:38  INFO  Lote 14: 200 registros inseridos
2026-06-02 13:11:39  INFO  Lote 15: 200 registros inseridos
2026-06-02 13:11:40  INFO  Lote 16: 200 registros inseridos
2026-06-02 13:11:41  INFO  Lote 17: 200 registros inseridos
2026-06-02 13:11:42  INFO  Lote 18: 200 registros inseridos
2026-06-02 13:11:43  INFO  Lote 19: 200 registros inseridos
2026-06-02 13:11:44  INFO  Lote 20: 200 registros inseridos
2026-06-02 13:11:45  INFO  Lote 21: 200 registros inseridos
2026-06-02 13:11:46  INFO  Lote 22: 200 registros inseridos
2026-06-02 13:11:47  INFO  Lote 23: 200 registros inseridos
2026-06-02 13:11:48  INFO  Lote 24: 200 registros inseridos
2026-06-02 13:11:49  INFO  Lote 25: 200 registros inseridos
2026-06-02 13:11:50  INFO  Lote 26: 200 registros inseridos
2026-06-02 13:11:51  INFO  Lote 27: 200 registros inseridos
2026-06-02 13:11:52  INFO  Lote 28: 200 registros inseridos
2026-06-02 13:11:53  INFO  Lote 29: 200 registros inseridos
2026-06-02 13:11:54  INFO  Lote 30: 200 registros inseridos
2026-06-02 13:11:55  INFO  Lote 31: 200 registros inseridos
2026-06-02 13:11:57  INFO  Lote 32: 200 registros inseridos
2026-06-02 13:11:59  INFO  Lote 33: 200 registros inseridos
2026-06-02 13:12:01  INFO  Lote 34: 200 registros inseridos
2026-06-02 13:12:03  INFO  Lote 35: 200 registros inseridos
2026-06-02 13:12:05  INFO  Lote 36: 200 registros inseridos
2026-06-02 13:12:07  INFO  Lote 37: 200 registros inseridos
2026-06-02 13:12:09  INFO  Lote 38: 200 registros inseridos
2026-06-02 13:12:11  INFO  Lote 39: 200 registros inseridos
2026-06-02 13:12:12  INFO  Lote 40: 200 registros inseridos
2026-06-02 13:12:13  INFO  Lote 41: 200 registros inseridos
2026-06-02 13:12:14  INFO  Lote 42: 200 registros inseridos
2026-06-02 13:12:15  INFO  Lote 43: 200 registros inseridos
2026-06-02 13:12:17  INFO  Lote 44: 200 registros inseridos
2026-06-02 13:12:18  INFO  Lote 45: 200 registros inseridos
2026-06-02 13:12:19  INFO  Lote 46: 200 registros inseridos
2026-06-02 13:12:20  INFO  Lote 47: 200 registros inseridos
2026-06-02 13:12:21  INFO  Lote 48: 200 registros inseridos
2026-06-02 13:12:21  INFO  Lote 49: 200 registros inseridos
2026-06-02 13:12:22  INFO  Lote 50: 200 registros inseridos
2026-06-02 13:12:23  INFO  Lote 51: 200 registros inseridos
2026-06-02 13:12:24  INFO  Lote 52: 200 registros inseridos
2026-06-02 13:12:25  INFO  Lote 53: 200 registros inseridos
2026-06-02 13:12:26  INFO  Lote 54: 200 registros inseridos
2026-06-02 13:12:27  INFO  Lote 55: 200 registros inseridos
2026-06-02 13:12:27  INFO  Lote 56: 200 registros inseridos
2026-06-02 13:12:28  INFO  Lote 57: 200 registros inseridos
2026-06-02 13:12:29  INFO  Lote 58: 200 registros inseridos
2026-06-02 13:12:30  INFO  Lote 59: 200 registros inseridos
2026-06-02 13:12:31  INFO  Lote 60: 200 registros inseridos
2026-06-02 13:12:32  INFO  Lote 61: 200 registros inseridos
2026-06-02 13:12:33  INFO  Lote 62: 200 registros inseridos
2026-06-02 13:12:34  INFO  Lote 63: 200 registros inseridos
2026-06-02 13:12:34  INFO  Lote 64: 200 registros inseridos
2026-06-02 13:12:35  INFO  Lote 65: 200 registros inseridos
2026-06-02 13:12:36  INFO  Lote 66: 200 registros inseridos
2026-06-02 13:12:37  INFO  Lote 67: 200 registros inseridos
2026-06-02 13:12:38  INFO  Lote 68: 200 registros inseridos
2026-06-02 13:12:39  INFO  Lote 69: 200 registros inseridos
2026-06-02 13:12:40  INFO  Lote 70: 200 registros inseridos
2026-06-02 13:12:42  INFO  Lote 71: 200 registros inseridos
2026-06-02 13:12:42  INFO  Lote 72: 200 registros inseridos
2026-06-02 13:12:43  INFO  Lote 73: 200 registros inseridos
2026-06-02 13:12:44  INFO  Lote 74: 200 registros inseridos
2026-06-02 13:12:45  INFO  Lote 75: 200 registros inseridos
2026-06-02 13:12:46  INFO  Lote 76: 200 registros inseridos
2026-06-02 13:12:47  INFO  Lote 77: 200 registros inseridos
2026-06-02 13:12:48  INFO  Lote 78: 200 registros inseridos
2026-06-02 13:12:49  INFO  Lote 79: 182 registros inseridos
2026-06-02 13:12:49  INFO  === Concluído ===
2026-06-02 13:22:53  INFO  === Início sync prazos ===
2026-06-02 13:22:53  INFO  Lendo Excel de prazos...
2026-06-02 13:22:56  INFO  29848 prazos lidos.
2026-06-02 13:22:57  INFO  JSON salvo: C:\Users\ach\temp_mobile_fix\dashboard-juridico\dados.json
2026-06-02 13:22:58  INFO  Delete Supabase: 204
2026-06-02 13:23:00  ERROR  Erro Supabase lote 1: 400 {"code":"PGRST204","details":null,"hint":null,"message":"Could not find the 'area' column of 'prazos_agendas' in the schema cache"}
2026-06-02 13:23:01  ERROR  Erro Supabase lote 2: 400 {"code":"PGRST204","details":null,"hint":null,"message":"Could not find the 'area' column of 'prazos_agendas' in the schema cache"}
2026-06-02 13:23:01  ERROR  Erro Supabase lote 3: 400 {"code":"PGRST204","details":null,"hint":null,"message":"Could not find the 'area' column of 'prazos_agendas' in the schema cache"}
2026-06-02 13:23:02  ERROR  Erro Supabase lote 4: 400 {"code":"PGRST204","details":null,"hint":null,"message":"Could not find the 'area' column of 'prazos_agendas' in the schema cache"}
2026-06-02 13:23:03  ERROR  Erro Supabase lote 5: 400 {"code":"PGRST204","details":null,"hint":null,"message":"Could not find the 'area' column of 'prazos_agendas' in the schema cache"}
2026-06-02 13:23:03  ERROR  Erro Supabase lote 6: 400 {"code":"PGRST204","details":null,"hint":null,"message":"Could not find the 'area' column of 'prazos_agendas' in the schema cache"}
2026-06-02 13:23:04  ERROR  Erro Supabase lote 7: 400 {"code":"PGRST204","details":null,"hint":null,"message":"Could not find the 'area' column of 'prazos_agendas' in the schema cache"}
2026-06-02 13:23:05  ERROR  Erro Supabase lote 8: 400 {"code":"PGRST204","details":null,"hint":null,"message":"Could not find the 'area' column of 'prazos_agendas' in the schema cache"}
2026-06-02 13:23:05  ERROR  Erro Supabase lote 9: 400 {"code":"PGRST204","details":null,"hint":null,"message":"Could not find the 'area' column of 'prazos_agendas' in the schema cache"}
2026-06-02 13:23:06  ERROR  Erro Supabase lote 10: 400 {"code":"PGRST204","details":null,"hint":null,"message":"Could not find the 'area' column of 'prazos_agendas' in the schema cache"}
2026-06-02 13:23:07  ERROR  Erro Supabase lote 11: 400 {"code":"PGRST204","details":null,"hint":null,"message":"Could not find the 'area' column of 'prazos_agendas' in the schema cache"}
2026-06-02 13:23:08  ERROR  Erro Supabase lote 12: 400 {"code":"PGRST204","details":null,"hint":null,"message":"Could not find the 'area' column of 'prazos_agendas' in the schema cache"}
2026-06-02 13:23:09  ERROR  Erro Supabase lote 13: 400 {"code":"PGRST204","details":null,"hint":null,"message":"Could not find the 'area' column of 'prazos_agendas' in the schema cache"}
2026-06-02 13:23:10  ERROR  Erro Supabase lote 14: 400 {"code":"PGRST204","details":null,"hint":null,"message":"Could not find the 'area' column of 'prazos_agendas' in the schema cache"}
2026-06-02 13:23:11  ERROR  Erro Supabase lote 15: 400 {"code":"PGRST204","details":null,"hint":null,"message":"Could not find the 'area' column of 'prazos_agendas' in the schema cache"}
2026-06-02 13:23:12  ERROR  Erro Supabase lote 16: 400 {"code":"PGRST204","details":null,"hint":null,"message":"Could not find the 'area' column of 'prazos_agendas' in the schema cache"}
2026-06-02 13:23:13  ERROR  Erro Supabase lote 17: 400 {"code":"PGRST204","details":null,"hint":null,"message":"Could not find the 'area' column of 'prazos_agendas' in the schema cache"}
2026-06-02 13:23:14  ERROR  Erro Supabase lote 18: 400 {"code":"PGRST204","details":null,"hint":null,"message":"Could not find the 'area' column of 'prazos_agendas' in the schema cache"}
2026-06-02 13:23:14  ERROR  Erro Supabase lote 19: 400 {"code":"PGRST204","details":null,"hint":null,"message":"Could not find the 'area' column of 'prazos_agendas' in the schema cache"}
2026-06-02 13:23:15  ERROR  Erro Supabase lote 20: 400 {"code":"PGRST204","details":null,"hint":null,"message":"Could not find the 'area' column of 'prazos_agendas' in the schema cache"}
2026-06-02 13:23:16  ERROR  Erro Supabase lote 21: 400 {"code":"PGRST204","details":null,"hint":null,"message":"Could not find the 'area' column of 'prazos_agendas' in the schema cache"}
2026-06-02 13:23:17  ERROR  Erro Supabase lote 22: 400 {"code":"PGRST204","details":null,"hint":null,"message":"Could not find the 'area' column of 'prazos_agendas' in the schema cache"}
2026-06-02 13:23:17  ERROR  Erro Supabase lote 23: 400 {"code":"PGRST204","details":null,"hint":null,"message":"Could not find the 'area' column of 'prazos_agendas' in the schema cache"}
2026-06-02 13:23:18  ERROR  Erro Supabase lote 24: 400 {"code":"PGRST204","details":null,"hint":null,"message":"Could not find the 'area' column of 'prazos_agendas' in the schema cache"}
2026-06-02 13:23:19  ERROR  Erro Supabase lote 25: 400 {"code":"PGRST204","details":null,"hint":null,"message":"Could not find the 'area' column of 'prazos_agendas' in the schema cache"}
2026-06-02 13:23:20  ERROR  Erro Supabase lote 26: 400 {"code":"PGRST204","details":null,"hint":null,"message":"Could not find the 'area' column of 'prazos_agendas' in the schema cache"}
2026-06-02 13:23:20  ERROR  Erro Supabase lote 27: 400 {"code":"PGRST204","details":null,"hint":null,"message":"Could not find the 'area' column of 'prazos_agendas' in the schema cache"}
2026-06-02 13:23:21  ERROR  Erro Supabase lote 28: 400 {"code":"PGRST204","details":null,"hint":null,"message":"Could not find the 'area' column of 'prazos_agendas' in the schema cache"}
2026-06-02 13:23:22  ERROR  Erro Supabase lote 29: 400 {"code":"PGRST204","details":null,"hint":null,"message":"Could not find the 'area' column of 'prazos_agendas' in the schema cache"}
2026-06-02 13:23:23  ERROR  Erro Supabase lote 30: 400 {"code":"PGRST204","details":null,"hint":null,"message":"Could not find the 'area' column of 'prazos_agendas' in the schema cache"}
2026-06-02 13:23:23  ERROR  Erro Supabase lote 31: 400 {"code":"PGRST204","details":null,"hint":null,"message":"Could not find the 'area' column of 'prazos_agendas' in the schema cache"}
2026-06-02 13:23:24  ERROR  Erro Supabase lote 32: 400 {"code":"PGRST204","details":null,"hint":null,"message":"Could not find the 'area' column of 'prazos_agendas' in the schema cache"}
2026-06-02 13:23:25  ERROR  Erro Supabase lote 33: 400 {"code":"PGRST204","details":null,"hint":null,"message":"Could not find the 'area' column of 'prazos_agendas' in the schema cache"}
2026-06-02 13:23:26  ERROR  Erro Supabase lote 34: 400 {"code":"PGRST204","details":null,"hint":null,"message":"Could not find the 'area' column of 'prazos_agendas' in the schema cache"}
2026-06-02 13:23:27  ERROR  Erro Supabase lote 35: 400 {"code":"PGRST204","details":null,"hint":null,"message":"Could not find the 'area' column of 'prazos_agendas' in the schema cache"}
2026-06-02 13:23:27  ERROR  Erro Supabase lote 36: 400 {"code":"PGRST204","details":null,"hint":null,"message":"Could not find the 'area' column of 'prazos_agendas' in the schema cache"}
2026-06-02 13:23:28  ERROR  Erro Supabase lote 37: 400 {"code":"PGRST204","details":null,"hint":null,"message":"Could not find the 'area' column of 'prazos_agendas' in the schema cache"}
2026-06-02 13:23:29  ERROR  Erro Supabase lote 38: 400 {"code":"PGRST204","details":null,"hint":null,"message":"Could not find the 'area' column of 'prazos_agendas' in the schema cache"}
2026-06-02 13:23:30  ERROR  Erro Supabase lote 39: 400 {"code":"PGRST204","details":null,"hint":null,"message":"Could not find the 'area' column of 'prazos_agendas' in the schema cache"}
2026-06-02 13:23:31  ERROR  Erro Supabase lote 40: 400 {"code":"PGRST204","details":null,"hint":null,"message":"Could not find the 'area' column of 'prazos_agendas' in the schema cache"}
2026-06-02 13:23:31  ERROR  Erro Supabase lote 41: 400 {"code":"PGRST204","details":null,"hint":null,"message":"Could not find the 'area' column of 'prazos_agendas' in the schema cache"}
2026-06-02 13:23:32  ERROR  Erro Supabase lote 42: 400 {"code":"PGRST204","details":null,"hint":null,"message":"Could not find the 'area' column of 'prazos_agendas' in the schema cache"}
2026-06-02 13:23:33  ERROR  Erro Supabase lote 43: 400 {"code":"PGRST204","details":null,"hint":null,"message":"Could not find the 'area' column of 'prazos_agendas' in the schema cache"}
2026-06-02 13:23:33  ERROR  Erro Supabase lote 44: 400 {"code":"PGRST204","details":null,"hint":null,"message":"Could not find the 'area' column of 'prazos_agendas' in the schema cache"}
2026-06-02 13:23:34  ERROR  Erro Supabase lote 45: 400 {"code":"PGRST204","details":null,"hint":null,"message":"Could not find the 'area' column of 'prazos_agendas' in the schema cache"}
2026-06-02 13:23:35  ERROR  Erro Supabase lote 46: 400 {"code":"PGRST204","details":null,"hint":null,"message":"Could not find the 'area' column of 'prazos_agendas' in the schema cache"}
2026-06-02 13:23:36  ERROR  Erro Supabase lote 47: 400 {"code":"PGRST204","details":null,"hint":null,"message":"Could not find the 'area' column of 'prazos_agendas' in the schema cache"}
2026-06-02 13:23:37  ERROR  Erro Supabase lote 48: 400 {"code":"PGRST204","details":null,"hint":null,"message":"Could not find the 'area' column of 'prazos_agendas' in the schema cache"}
2026-06-02 13:23:37  ERROR  Erro Supabase lote 49: 400 {"code":"PGRST204","details":null,"hint":null,"message":"Could not find the 'area' column of 'prazos_agendas' in the schema cache"}
2026-06-02 13:23:38  ERROR  Erro Supabase lote 50: 400 {"code":"PGRST204","details":null,"hint":null,"message":"Could not find the 'area' column of 'prazos_agendas' in the schema cache"}
2026-06-02 13:23:39  ERROR  Erro Supabase lote 51: 400 {"code":"PGRST204","details":null,"hint":null,"message":"Could not find the 'area' column of 'prazos_agendas' in the schema cache"}
2026-06-02 13:23:39  ERROR  Erro Supabase lote 52: 400 {"code":"PGRST204","details":null,"hint":null,"message":"Could not find the 'area' column of 'prazos_agendas' in the schema cache"}
2026-06-02 13:23:41  ERROR  Erro Supabase lote 53: 400 {"code":"PGRST204","details":null,"hint":null,"message":"Could not find the 'area' column of 'prazos_agendas' in the schema cache"}
2026-06-02 13:23:42  ERROR  Erro Supabase lote 54: 400 {"code":"PGRST204","details":null,"hint":null,"message":"Could not find the 'area' column of 'prazos_agendas' in the schema cache"}
2026-06-02 13:23:42  ERROR  Erro Supabase lote 55: 400 {"code":"PGRST204","details":null,"hint":null,"message":"Could not find the 'area' column of 'prazos_agendas' in the schema cache"}
2026-06-02 13:23:43  ERROR  Erro Supabase lote 56: 400 {"code":"PGRST204","details":null,"hint":null,"message":"Could not find the 'area' column of 'prazos_agendas' in the schema cache"}
2026-06-02 13:23:44  ERROR  Erro Supabase lote 57: 400 {"code":"PGRST204","details":null,"hint":null,"message":"Could not find the 'area' column of 'prazos_agendas' in the schema cache"}
2026-06-02 13:23:45  ERROR  Erro Supabase lote 58: 400 {"code":"PGRST204","details":null,"hint":null,"message":"Could not find the 'area' column of 'prazos_agendas' in the schema cache"}
2026-06-02 13:23:45  ERROR  Erro Supabase lote 59: 400 {"code":"PGRST204","details":null,"hint":null,"message":"Could not find the 'area' column of 'prazos_agendas' in the schema cache"}
2026-06-02 13:23:46  ERROR  Erro Supabase lote 60: 400 {"code":"PGRST204","details":null,"hint":null,"message":"Could not find the 'area' column of 'prazos_agendas' in the schema cache"}
2026-06-02 13:23:47  ERROR  Erro Supabase lote 61: 400 {"code":"PGRST204","details":null,"hint":null,"message":"Could not find the 'area' column of 'prazos_agendas' in the schema cache"}
2026-06-02 13:23:48  ERROR  Erro Supabase lote 62: 400 {"code":"PGRST204","details":null,"hint":null,"message":"Could not find the 'area' column of 'prazos_agendas' in the schema cache"}
2026-06-02 13:23:48  ERROR  Erro Supabase lote 63: 400 {"code":"PGRST204","details":null,"hint":null,"message":"Could not find the 'area' column of 'prazos_agendas' in the schema cache"}
2026-06-02 13:23:49  ERROR  Erro Supabase lote 64: 400 {"code":"PGRST204","details":null,"hint":null,"message":"Could not find the 'area' column of 'prazos_agendas' in the schema cache"}
2026-06-02 13:23:50  ERROR  Erro Supabase lote 65: 400 {"code":"PGRST204","details":null,"hint":null,"message":"Could not find the 'area' column of 'prazos_agendas' in the schema cache"}
2026-06-02 13:23:51  ERROR  Erro Supabase lote 66: 400 {"code":"PGRST204","details":null,"hint":null,"message":"Could not find the 'area' column of 'prazos_agendas' in the schema cache"}
2026-06-02 13:23:51  ERROR  Erro Supabase lote 67: 400 {"code":"PGRST204","details":null,"hint":null,"message":"Could not find the 'area' column of 'prazos_agendas' in the schema cache"}
2026-06-02 13:23:52  ERROR  Erro Supabase lote 68: 400 {"code":"PGRST204","details":null,"hint":null,"message":"Could not find the 'area' column of 'prazos_agendas' in the schema cache"}
2026-06-02 13:23:53  ERROR  Erro Supabase lote 69: 400 {"code":"PGRST204","details":null,"hint":null,"message":"Could not find the 'area' column of 'prazos_agendas' in the schema cache"}
2026-06-02 13:23:54  ERROR  Erro Supabase lote 70: 400 {"code":"PGRST204","details":null,"hint":null,"message":"Could not find the 'area' column of 'prazos_agendas' in the schema cache"}
2026-06-02 13:23:54  ERROR  Erro Supabase lote 71: 400 {"code":"PGRST204","details":null,"hint":null,"message":"Could not find the 'area' column of 'prazos_agendas' in the schema cache"}
2026-06-02 13:23:55  ERROR  Erro Supabase lote 72: 400 {"code":"PGRST204","details":null,"hint":null,"message":"Could not find the 'area' column of 'prazos_agendas' in the schema cache"}
2026-06-02 13:23:56  ERROR  Erro Supabase lote 73: 400 {"code":"PGRST204","details":null,"hint":null,"message":"Could not find the 'area' column of 'prazos_agendas' in the schema cache"}
2026-06-02 13:23:57  ERROR  Erro Supabase lote 74: 400 {"code":"PGRST204","details":null,"hint":null,"message":"Could not find the 'area' column of 'prazos_agendas' in the schema cache"}
2026-06-02 13:23:57  ERROR  Erro Supabase lote 75: 400 {"code":"PGRST204","details":null,"hint":null,"message":"Could not find the 'area' column of 'prazos_agendas' in the schema cache"}
2026-06-02 13:23:58  ERROR  Erro Supabase lote 76: 400 {"code":"PGRST204","details":null,"hint":null,"message":"Could not find the 'area' column of 'prazos_agendas' in the schema cache"}
2026-06-02 13:23:59  ERROR  Erro Supabase lote 77: 400 {"code":"PGRST204","details":null,"hint":null,"message":"Could not find the 'area' column of 'prazos_agendas' in the schema cache"}
2026-06-02 13:23:59  ERROR  Erro Supabase lote 78: 400 {"code":"PGRST204","details":null,"hint":null,"message":"Could not find the 'area' column of 'prazos_agendas' in the schema cache"}
2026-06-02 13:24:00  ERROR  Erro Supabase lote 79: 400 {"code":"PGRST204","details":null,"hint":null,"message":"Could not find the 'area' column of 'prazos_agendas' in the schema cache"}
2026-06-02 13:24:01  ERROR  Erro Supabase lote 80: 400 {"code":"PGRST204","details":null,"hint":null,"message":"Could not find the 'area' column of 'prazos_agendas' in the schema cache"}
2026-06-02 13:24:02  ERROR  Erro Supabase lote 81: 400 {"code":"PGRST204","details":null,"hint":null,"message":"Could not find the 'area' column of 'prazos_agendas' in the schema cache"}
2026-06-02 13:24:03  ERROR  Erro Supabase lote 82: 400 {"code":"PGRST204","details":null,"hint":null,"message":"Could not find the 'area' column of 'prazos_agendas' in the schema cache"}
2026-06-02 13:24:03  ERROR  Erro Supabase lote 83: 400 {"code":"PGRST204","details":null,"hint":null,"message":"Could not find the 'area' column of 'prazos_agendas' in the schema cache"}
2026-06-02 13:24:04  ERROR  Erro Supabase lote 84: 400 {"code":"PGRST204","details":null,"hint":null,"message":"Could not find the 'area' column of 'prazos_agendas' in the schema cache"}
2026-06-02 13:24:05  ERROR  Erro Supabase lote 85: 400 {"code":"PGRST204","details":null,"hint":null,"message":"Could not find the 'area' column of 'prazos_agendas' in the schema cache"}
2026-06-02 13:24:06  ERROR  Erro Supabase lote 86: 400 {"code":"PGRST204","details":null,"hint":null,"message":"Could not find the 'area' column of 'prazos_agendas' in the schema cache"}
2026-06-02 13:24:06  ERROR  Erro Supabase lote 87: 400 {"code":"PGRST204","details":null,"hint":null,"message":"Could not find the 'area' column of 'prazos_agendas' in the schema cache"}
2026-06-02 13:24:07  ERROR  Erro Supabase lote 88: 400 {"code":"PGRST204","details":null,"hint":null,"message":"Could not find the 'area' column of 'prazos_agendas' in the schema cache"}
2026-06-02 13:24:08  ERROR  Erro Supabase lote 89: 400 {"code":"PGRST204","details":null,"hint":null,"message":"Could not find the 'area' column of 'prazos_agendas' in the schema cache"}
2026-06-02 13:24:08  ERROR  Erro Supabase lote 90: 400 {"code":"PGRST204","details":null,"hint":null,"message":"Could not find the 'area' column of 'prazos_agendas' in the schema cache"}
2026-06-02 13:24:09  ERROR  Erro Supabase lote 91: 400 {"code":"PGRST204","details":null,"hint":null,"message":"Could not find the 'area' column of 'prazos_agendas' in the schema cache"}
2026-06-02 13:24:10  ERROR  Erro Supabase lote 92: 400 {"code":"PGRST204","details":null,"hint":null,"message":"Could not find the 'area' column of 'prazos_agendas' in the schema cache"}
2026-06-02 13:24:10  ERROR  Erro Supabase lote 93: 400 {"code":"PGRST204","details":null,"hint":null,"message":"Could not find the 'area' column of 'prazos_agendas' in the schema cache"}
2026-06-02 13:24:11  ERROR  Erro Supabase lote 94: 400 {"code":"PGRST204","details":null,"hint":null,"message":"Could not find the 'area' column of 'prazos_agendas' in the schema cache"}
2026-06-02 13:24:12  ERROR  Erro Supabase lote 95: 400 {"code":"PGRST204","details":null,"hint":null,"message":"Could not find the 'area' column of 'prazos_agendas' in the schema cache"}
2026-06-02 13:24:13  ERROR  Erro Supabase lote 96: 400 {"code":"PGRST204","details":null,"hint":null,"message":"Could not find the 'area' column of 'prazos_agendas' in the schema cache"}
2026-06-02 13:24:13  ERROR  Erro Supabase lote 97: 400 {"code":"PGRST204","details":null,"hint":null,"message":"Could not find the 'area' column of 'prazos_agendas' in the schema cache"}
2026-06-02 13:24:14  ERROR  Erro Supabase lote 98: 400 {"code":"PGRST204","details":null,"hint":null,"message":"Could not find the 'area' column of 'prazos_agendas' in the schema cache"}
2026-06-02 13:24:15  ERROR  Erro Supabase lote 99: 400 {"code":"PGRST204","details":null,"hint":null,"message":"Could not find the 'area' column of 'prazos_agendas' in the schema cache"}
2026-06-02 13:24:15  ERROR  Erro Supabase lote 100: 400 {"code":"PGRST204","details":null,"hint":null,"message":"Could not find the 'area' column of 'prazos_agendas' in the schema cache"}
2026-06-02 13:24:16  ERROR  Erro Supabase lote 101: 400 {"code":"PGRST204","details":null,"hint":null,"message":"Could not find the 'area' column of 'prazos_agendas' in the schema cache"}
2026-06-02 13:24:17  ERROR  Erro Supabase lote 102: 400 {"code":"PGRST204","details":null,"hint":null,"message":"Could not find the 'area' column of 'prazos_agendas' in the schema cache"}
2026-06-02 13:24:17  ERROR  Erro Supabase lote 103: 400 {"code":"PGRST204","details":null,"hint":null,"message":"Could not find the 'area' column of 'prazos_agendas' in the schema cache"}
2026-06-02 13:24:18  ERROR  Erro Supabase lote 104: 400 {"code":"PGRST204","details":null,"hint":null,"message":"Could not find the 'area' column of 'prazos_agendas' in the schema cache"}
2026-06-02 13:24:19  ERROR  Erro Supabase lote 105: 400 {"code":"PGRST204","details":null,"hint":null,"message":"Could not find the 'area' column of 'prazos_agendas' in the schema cache"}
2026-06-02 13:24:19  ERROR  Erro Supabase lote 106: 400 {"code":"PGRST204","details":null,"hint":null,"message":"Could not find the 'area' column of 'prazos_agendas' in the schema cache"}
2026-06-02 13:24:20  ERROR  Erro Supabase lote 107: 400 {"code":"PGRST204","details":null,"hint":null,"message":"Could not find the 'area' column of 'prazos_agendas' in the schema cache"}
2026-06-02 13:24:21  ERROR  Erro Supabase lote 108: 400 {"code":"PGRST204","details":null,"hint":null,"message":"Could not find the 'area' column of 'prazos_agendas' in the schema cache"}
2026-06-02 13:24:21  ERROR  Erro Supabase lote 109: 400 {"code":"PGRST204","details":null,"hint":null,"message":"Could not find the 'area' column of 'prazos_agendas' in the schema cache"}
2026-06-02 13:24:22  ERROR  Erro Supabase lote 110: 400 {"code":"PGRST204","details":null,"hint":null,"message":"Could not find the 'area' column of 'prazos_agendas' in the schema cache"}
2026-06-02 13:24:23  ERROR  Erro Supabase lote 111: 400 {"code":"PGRST204","details":null,"hint":null,"message":"Could not find the 'area' column of 'prazos_agendas' in the schema cache"}
2026-06-02 13:24:23  ERROR  Erro Supabase lote 112: 400 {"code":"PGRST204","details":null,"hint":null,"message":"Could not find the 'area' column of 'prazos_agendas' in the schema cache"}
2026-06-02 13:24:24  ERROR  Erro Supabase lote 113: 400 {"code":"PGRST204","details":null,"hint":null,"message":"Could not find the 'area' column of 'prazos_agendas' in the schema cache"}
2026-06-02 13:24:25  ERROR  Erro Supabase lote 114: 400 {"code":"PGRST204","details":null,"hint":null,"message":"Could not find the 'area' column of 'prazos_agendas' in the schema cache"}
2026-06-02 13:24:26  ERROR  Erro Supabase lote 115: 400 {"code":"PGRST204","details":null,"hint":null,"message":"Could not find the 'area' column of 'prazos_agendas' in the schema cache"}
2026-06-02 13:24:26  ERROR  Erro Supabase lote 116: 400 {"code":"PGRST204","details":null,"hint":null,"message":"Could not find the 'area' column of 'prazos_agendas' in the schema cache"}
2026-06-02 13:24:27  ERROR  Erro Supabase lote 117: 400 {"code":"PGRST204","details":null,"hint":null,"message":"Could not find the 'area' column of 'prazos_agendas' in the schema cache"}
2026-06-02 13:24:28  ERROR  Erro Supabase lote 118: 400 {"code":"PGRST204","details":null,"hint":null,"message":"Could not find the 'area' column of 'prazos_agendas' in the schema cache"}
2026-06-02 13:24:29  ERROR  Erro Supabase lote 119: 400 {"code":"PGRST204","details":null,"hint":null,"message":"Could not find the 'area' column of 'prazos_agendas' in the schema cache"}
2026-06-02 13:24:29  ERROR  Erro Supabase lote 120: 400 {"code":"PGRST204","details":null,"hint":null,"message":"Could not find the 'area' column of 'prazos_agendas' in the schema cache"}
2026-06-02 13:24:30  ERROR  Erro Supabase lote 121: 400 {"code":"PGRST204","details":null,"hint":null,"message":"Could not find the 'area' column of 'prazos_agendas' in the schema cache"}
2026-06-02 13:24:31  ERROR  Erro Supabase lote 122: 400 {"code":"PGRST204","details":null,"hint":null,"message":"Could not find the 'area' column of 'prazos_agendas' in the schema cache"}
2026-06-02 13:24:31  ERROR  Erro Supabase lote 123: 400 {"code":"PGRST204","details":null,"hint":null,"message":"Could not find the 'area' column of 'prazos_agendas' in the schema cache"}
2026-06-02 13:24:32  ERROR  Erro Supabase lote 124: 400 {"code":"PGRST204","details":null,"hint":null,"message":"Could not find the 'area' column of 'prazos_agendas' in the schema cache"}
2026-06-02 13:24:34  ERROR  Erro Supabase lote 125: 400 {"code":"PGRST204","details":null,"hint":null,"message":"Could not find the 'area' column of 'prazos_agendas' in the schema cache"}
2026-06-02 13:24:35  ERROR  Erro Supabase lote 126: 400 {"code":"PGRST204","details":null,"hint":null,"message":"Could not find the 'area' column of 'prazos_agendas' in the schema cache"}
2026-06-02 13:24:36  ERROR  Erro Supabase lote 127: 400 {"code":"PGRST204","details":null,"hint":null,"message":"Could not find the 'area' column of 'prazos_agendas' in the schema cache"}
2026-06-02 13:24:37  ERROR  Erro Supabase lote 128: 400 {"code":"PGRST204","details":null,"hint":null,"message":"Could not find the 'area' column of 'prazos_agendas' in the schema cache"}
2026-06-02 13:24:37  ERROR  Erro Supabase lote 129: 400 {"code":"PGRST204","details":null,"hint":null,"message":"Could not find the 'area' column of 'prazos_agendas' in the schema cache"}
2026-06-02 13:24:38  ERROR  Erro Supabase lote 130: 400 {"code":"PGRST204","details":null,"hint":null,"message":"Could not find the 'area' column of 'prazos_agendas' in the schema cache"}
2026-06-02 13:24:39  ERROR  Erro Supabase lote 131: 400 {"code":"PGRST204","details":null,"hint":null,"message":"Could not find the 'area' column of 'prazos_agendas' in the schema cache"}
2026-06-02 13:24:39  ERROR  Erro Supabase lote 132: 400 {"code":"PGRST204","details":null,"hint":null,"message":"Could not find the 'area' column of 'prazos_agendas' in the schema cache"}
2026-06-02 13:24:40  ERROR  Erro Supabase lote 133: 400 {"code":"PGRST204","details":null,"hint":null,"message":"Could not find the 'area' column of 'prazos_agendas' in the schema cache"}
2026-06-02 13:24:41  ERROR  Erro Supabase lote 134: 400 {"code":"PGRST204","details":null,"hint":null,"message":"Could not find the 'area' column of 'prazos_agendas' in the schema cache"}
2026-06-02 13:24:41  ERROR  Erro Supabase lote 135: 400 {"code":"PGRST204","details":null,"hint":null,"message":"Could not find the 'area' column of 'prazos_agendas' in the schema cache"}
2026-06-02 13:24:42  ERROR  Erro Supabase lote 136: 400 {"code":"PGRST204","details":null,"hint":null,"message":"Could not find the 'area' column of 'prazos_agendas' in the schema cache"}
2026-06-02 13:24:43  ERROR  Erro Supabase lote 137: 400 {"code":"PGRST204","details":null,"hint":null,"message":"Could not find the 'area' column of 'prazos_agendas' in the schema cache"}
2026-06-02 13:24:44  ERROR  Erro Supabase lote 138: 400 {"code":"PGRST204","details":null,"hint":null,"message":"Could not find the 'area' column of 'prazos_agendas' in the schema cache"}
2026-06-02 13:24:44  ERROR  Erro Supabase lote 139: 400 {"code":"PGRST204","details":null,"hint":null,"message":"Could not find the 'area' column of 'prazos_agendas' in the schema cache"}
2026-06-02 13:24:45  ERROR  Erro Supabase lote 140: 400 {"code":"PGRST204","details":null,"hint":null,"message":"Could not find the 'area' column of 'prazos_agendas' in the schema cache"}
2026-06-02 13:24:46  ERROR  Erro Supabase lote 141: 400 {"code":"PGRST204","details":null,"hint":null,"message":"Could not find the 'area' column of 'prazos_agendas' in the schema cache"}
2026-06-02 13:24:47  ERROR  Erro Supabase lote 142: 400 {"code":"PGRST204","details":null,"hint":null,"message":"Could not find the 'area' column of 'prazos_agendas' in the schema cache"}
2026-06-02 13:24:48  ERROR  Erro Supabase lote 143: 400 {"code":"PGRST204","details":null,"hint":null,"message":"Could not find the 'area' column of 'prazos_agendas' in the schema cache"}
2026-06-02 13:24:48  ERROR  Erro Supabase lote 144: 400 {"code":"PGRST204","details":null,"hint":null,"message":"Could not find the 'area' column of 'prazos_agendas' in the schema cache"}
2026-06-02 13:24:49  ERROR  Erro Supabase lote 145: 400 {"code":"PGRST204","details":null,"hint":null,"message":"Could not find the 'area' column of 'prazos_agendas' in the schema cache"}
2026-06-02 13:24:50  ERROR  Erro Supabase lote 146: 400 {"code":"PGRST204","details":null,"hint":null,"message":"Could not find the 'area' column of 'prazos_agendas' in the schema cache"}
2026-06-02 13:24:51  ERROR  Erro Supabase lote 147: 400 {"code":"PGRST204","details":null,"hint":null,"message":"Could not find the 'area' column of 'prazos_agendas' in the schema cache"}
2026-06-02 13:24:52  ERROR  Erro Supabase lote 148: 400 {"code":"PGRST204","details":null,"hint":null,"message":"Could not find the 'area' column of 'prazos_agendas' in the schema cache"}
2026-06-02 13:24:52  ERROR  Erro Supabase lote 149: 400 {"code":"PGRST204","details":null,"hint":null,"message":"Could not find the 'area' column of 'prazos_agendas' in the schema cache"}
2026-06-02 13:24:53  ERROR  Erro Supabase lote 150: 400 {"code":"PGRST204","details":null,"hint":null,"message":"Could not find the 'area' column of 'prazos_agendas' in the schema cache"}
2026-06-02 13:24:53  INFO  === Concluído ===
2026-06-02 13:27:34  INFO  === Início sync prazos ===
2026-06-02 13:27:34  INFO  Lendo Excel de prazos...
2026-06-02 13:27:38  INFO  29848 prazos lidos.
2026-06-02 13:27:39  INFO  JSON salvo: C:\Users\ach\temp_mobile_fix\dashboard-juridico\dados.json
2026-06-02 13:27:40  INFO  Delete Supabase: 204
2026-06-02 13:27:40  INFO  Lote 1: 200 registros inseridos
2026-06-02 13:27:41  INFO  Lote 2: 200 registros inseridos
2026-06-02 13:27:42  INFO  Lote 3: 200 registros inseridos
2026-06-02 13:27:42  INFO  Lote 4: 200 registros inseridos
2026-06-02 13:27:43  INFO  Lote 5: 200 registros inseridos
2026-06-02 13:27:43  INFO  Lote 6: 200 registros inseridos
2026-06-02 13:27:44  INFO  Lote 7: 200 registros inseridos
2026-06-02 13:27:45  INFO  Lote 8: 200 registros inseridos
2026-06-02 13:27:45  INFO  Lote 9: 200 registros inseridos
2026-06-02 13:27:46  INFO  Lote 10: 200 registros inseridos
2026-06-02 13:27:46  INFO  Lote 11: 200 registros inseridos
2026-06-02 13:27:47  INFO  Lote 12: 200 registros inseridos
2026-06-02 13:27:48  INFO  Lote 13: 200 registros inseridos
2026-06-02 13:27:48  INFO  Lote 14: 200 registros inseridos
2026-06-02 13:27:49  INFO  Lote 15: 200 registros inseridos
2026-06-02 13:27:49  INFO  Lote 16: 200 registros inseridos
2026-06-02 13:27:50  INFO  Lote 17: 200 registros inseridos
2026-06-02 13:27:51  INFO  Lote 18: 200 registros inseridos
2026-06-02 13:27:51  INFO  Lote 19: 200 registros inseridos
2026-06-02 13:27:52  INFO  Lote 20: 200 registros inseridos
2026-06-02 13:27:52  INFO  Lote 21: 200 registros inseridos
2026-06-02 13:27:53  INFO  Lote 22: 200 registros inseridos
2026-06-02 13:27:53  INFO  Lote 23: 200 registros inseridos
2026-06-02 13:27:54  INFO  Lote 24: 200 registros inseridos
2026-06-02 13:27:56  INFO  Lote 25: 200 registros inseridos
2026-06-02 13:27:56  INFO  Lote 26: 200 registros inseridos
2026-06-02 13:27:57  INFO  Lote 27: 200 registros inseridos
2026-06-02 13:27:57  INFO  Lote 28: 200 registros inseridos
2026-06-02 13:27:59  INFO  Lote 29: 200 registros inseridos
2026-06-02 13:27:59  INFO  Lote 30: 200 registros inseridos
2026-06-02 13:28:00  INFO  Lote 31: 200 registros inseridos
2026-06-02 13:28:00  INFO  Lote 32: 200 registros inseridos
2026-06-02 13:28:01  INFO  Lote 33: 200 registros inseridos
2026-06-02 13:28:01  INFO  Lote 34: 200 registros inseridos
2026-06-02 13:28:02  INFO  Lote 35: 200 registros inseridos
2026-06-02 13:28:03  INFO  Lote 36: 200 registros inseridos
2026-06-02 13:28:03  INFO  Lote 37: 200 registros inseridos
2026-06-02 13:28:04  INFO  Lote 38: 200 registros inseridos
2026-06-02 13:28:05  INFO  Lote 39: 200 registros inseridos
2026-06-02 13:28:05  INFO  Lote 40: 200 registros inseridos
2026-06-02 13:28:06  INFO  Lote 41: 200 registros inseridos
2026-06-02 13:28:07  INFO  Lote 42: 200 registros inseridos
2026-06-02 13:28:08  INFO  Lote 43: 200 registros inseridos
2026-06-02 13:28:09  INFO  Lote 44: 200 registros inseridos
2026-06-02 13:28:10  INFO  Lote 45: 200 registros inseridos
2026-06-02 13:28:11  INFO  Lote 46: 200 registros inseridos
2026-06-02 13:28:12  INFO  Lote 47: 200 registros inseridos
2026-06-02 13:28:12  INFO  Lote 48: 200 registros inseridos
2026-06-02 13:28:13  INFO  Lote 49: 200 registros inseridos
2026-06-02 13:28:14  INFO  Lote 50: 200 registros inseridos
2026-06-02 13:28:15  INFO  Lote 51: 200 registros inseridos
2026-06-02 13:28:15  INFO  Lote 52: 200 registros inseridos
2026-06-02 13:28:16  INFO  Lote 53: 200 registros inseridos
2026-06-02 13:28:17  INFO  Lote 54: 200 registros inseridos
2026-06-02 13:28:18  INFO  Lote 55: 200 registros inseridos
2026-06-02 13:28:18  INFO  Lote 56: 200 registros inseridos
2026-06-02 13:28:19  INFO  Lote 57: 200 registros inseridos
2026-06-02 13:28:20  INFO  Lote 58: 200 registros inseridos
2026-06-02 13:28:20  INFO  Lote 59: 200 registros inseridos
2026-06-02 13:28:21  INFO  Lote 60: 200 registros inseridos
2026-06-02 13:28:22  INFO  Lote 61: 200 registros inseridos
2026-06-02 13:28:23  INFO  Lote 62: 200 registros inseridos
2026-06-02 13:28:24  INFO  Lote 63: 200 registros inseridos
2026-06-02 13:28:25  INFO  Lote 64: 200 registros inseridos
2026-06-02 13:28:25  INFO  Lote 65: 200 registros inseridos
2026-06-02 13:28:26  INFO  Lote 66: 200 registros inseridos
2026-06-02 13:28:27  INFO  Lote 67: 200 registros inseridos
2026-06-02 13:28:27  INFO  Lote 68: 200 registros inseridos
2026-06-02 13:28:28  INFO  Lote 69: 200 registros inseridos
2026-06-02 13:28:29  INFO  Lote 70: 200 registros inseridos
2026-06-02 13:28:29  INFO  Lote 71: 200 registros inseridos
2026-06-02 13:28:30  INFO  Lote 72: 200 registros inseridos
2026-06-02 13:28:31  INFO  Lote 73: 200 registros inseridos
2026-06-02 13:28:31  INFO  Lote 74: 200 registros inseridos
2026-06-02 13:28:32  INFO  Lote 75: 200 registros inseridos
2026-06-02 13:28:33  INFO  Lote 76: 200 registros inseridos
2026-06-02 13:28:34  INFO  Lote 77: 200 registros inseridos
2026-06-02 13:28:35  INFO  Lote 78: 200 registros inseridos
2026-06-02 13:28:36  INFO  Lote 79: 200 registros inseridos
2026-06-02 13:28:37  INFO  Lote 80: 200 registros inseridos
2026-06-02 13:28:38  INFO  Lote 81: 200 registros inseridos
2026-06-02 13:28:39  INFO  Lote 82: 200 registros inseridos
2026-06-02 13:28:40  INFO  Lote 83: 200 registros inseridos
2026-06-02 13:28:41  INFO  Lote 84: 200 registros inseridos
2026-06-02 13:28:42  INFO  Lote 85: 200 registros inseridos
2026-06-02 13:28:44  INFO  Lote 86: 200 registros inseridos
2026-06-02 13:28:45  INFO  Lote 87: 200 registros inseridos
2026-06-02 13:28:46  INFO  Lote 88: 200 registros inseridos
2026-06-02 13:28:47  INFO  Lote 89: 200 registros inseridos
2026-06-02 13:28:48  INFO  Lote 90: 200 registros inseridos
2026-06-02 13:28:49  INFO  Lote 91: 200 registros inseridos
2026-06-02 13:28:50  INFO  Lote 92: 200 registros inseridos
2026-06-02 13:28:51  INFO  Lote 93: 200 registros inseridos
2026-06-02 13:28:52  INFO  Lote 94: 200 registros inseridos
2026-06-02 13:28:53  INFO  Lote 95: 200 registros inseridos
2026-06-02 13:28:54  INFO  Lote 96: 200 registros inseridos
2026-06-02 13:28:54  INFO  Lote 97: 200 registros inseridos
2026-06-02 13:28:55  INFO  Lote 98: 200 registros inseridos
2026-06-02 13:28:56  INFO  Lote 99: 200 registros inseridos
2026-06-02 13:28:57  INFO  Lote 100: 200 registros inseridos
2026-06-02 13:28:58  INFO  Lote 101: 200 registros inseridos
2026-06-02 13:28:59  INFO  Lote 102: 200 registros inseridos
2026-06-02 13:29:00  INFO  Lote 103: 200 registros inseridos
2026-06-02 13:29:01  INFO  Lote 104: 200 registros inseridos
2026-06-02 13:29:02  INFO  Lote 105: 200 registros inseridos
2026-06-02 13:29:03  INFO  Lote 106: 200 registros inseridos
2026-06-02 13:29:03  INFO  Lote 107: 200 registros inseridos
2026-06-02 13:29:04  INFO  Lote 108: 200 registros inseridos
2026-06-02 13:29:05  INFO  Lote 109: 200 registros inseridos
2026-06-02 13:29:06  INFO  Lote 110: 200 registros inseridos
2026-06-02 13:29:07  INFO  Lote 111: 200 registros inseridos
2026-06-02 13:29:08  INFO  Lote 112: 200 registros inseridos
2026-06-02 13:29:09  INFO  Lote 113: 200 registros inseridos
2026-06-02 13:29:10  INFO  Lote 114: 200 registros inseridos
2026-06-02 13:29:11  INFO  Lote 115: 200 registros inseridos
2026-06-02 13:29:12  INFO  Lote 116: 200 registros inseridos
2026-06-02 13:29:13  INFO  Lote 117: 200 registros inseridos
2026-06-02 13:29:14  INFO  Lote 118: 200 registros inseridos
2026-06-02 13:29:15  INFO  Lote 119: 200 registros inseridos
2026-06-02 13:29:17  INFO  Lote 120: 200 registros inseridos
2026-06-02 13:29:18  INFO  Lote 121: 200 registros inseridos
2026-06-02 13:29:19  INFO  Lote 122: 200 registros inseridos
2026-06-02 13:29:20  INFO  Lote 123: 200 registros inseridos
2026-06-02 13:29:21  INFO  Lote 124: 200 registros inseridos
2026-06-02 13:29:22  INFO  Lote 125: 200 registros inseridos
2026-06-02 13:29:23  INFO  Lote 126: 200 registros inseridos
2026-06-02 13:29:24  INFO  Lote 127: 200 registros inseridos
2026-06-02 13:29:25  INFO  Lote 128: 200 registros inseridos
2026-06-02 13:29:26  INFO  Lote 129: 200 registros inseridos
2026-06-02 13:29:27  INFO  Lote 130: 200 registros inseridos
2026-06-02 13:29:28  INFO  Lote 131: 200 registros inseridos
2026-06-02 13:29:29  INFO  Lote 132: 200 registros inseridos
2026-06-02 13:29:30  INFO  Lote 133: 200 registros inseridos
2026-06-02 13:29:31  INFO  Lote 134: 200 registros inseridos
2026-06-02 13:29:32  INFO  Lote 135: 200 registros inseridos
2026-06-02 13:29:32  INFO  Lote 136: 200 registros inseridos
2026-06-02 13:29:33  INFO  Lote 137: 200 registros inseridos
2026-06-02 13:29:34  INFO  Lote 138: 200 registros inseridos
2026-06-02 13:29:35  INFO  Lote 139: 200 registros inseridos
2026-06-02 13:29:36  INFO  Lote 140: 200 registros inseridos
2026-06-02 13:29:37  INFO  Lote 141: 200 registros inseridos
2026-06-02 13:29:38  INFO  Lote 142: 200 registros inseridos
2026-06-02 13:29:39  INFO  Lote 143: 200 registros inseridos
2026-06-02 13:29:40  INFO  Lote 144: 200 registros inseridos
2026-06-02 13:29:41  INFO  Lote 145: 200 registros inseridos
2026-06-02 13:29:41  INFO  Lote 146: 200 registros inseridos
2026-06-02 13:29:42  INFO  Lote 147: 200 registros inseridos
2026-06-02 13:29:43  INFO  Lote 148: 200 registros inseridos
2026-06-02 13:29:44  INFO  Lote 149: 200 registros inseridos
2026-06-02 13:29:45  INFO  Lote 150: 48 registros inseridos
2026-06-02 13:29:45  INFO  === Concluído ===
2026-06-02 13:35:58  INFO  === Início sync prazos ===
2026-06-02 13:35:58  INFO  Lendo Excel de prazos...
2026-06-02 13:36:04  INFO  19951 prazos lidos.
2026-06-02 13:36:05  INFO  JSON salvo: C:\Users\ach\temp_mobile_fix\dashboard-juridico\dados.json
2026-06-02 13:36:06  INFO  Delete Supabase: 204
2026-06-02 13:36:07  INFO  Lote 1: 200 registros inseridos
2026-06-02 13:36:07  INFO  Lote 2: 200 registros inseridos
2026-06-02 13:36:08  INFO  Lote 3: 200 registros inseridos
2026-06-02 13:36:09  INFO  Lote 4: 200 registros inseridos
2026-06-02 13:36:10  INFO  Lote 5: 200 registros inseridos
2026-06-02 13:36:11  INFO  Lote 6: 200 registros inseridos
2026-06-02 13:36:12  INFO  Lote 7: 200 registros inseridos
2026-06-02 13:36:12  INFO  Lote 8: 200 registros inseridos
2026-06-02 13:36:13  INFO  Lote 9: 200 registros inseridos
2026-06-02 13:36:13  INFO  Lote 10: 200 registros inseridos
2026-06-02 13:36:14  INFO  Lote 11: 200 registros inseridos
2026-06-02 13:36:15  INFO  Lote 12: 200 registros inseridos
2026-06-02 13:36:15  INFO  Lote 13: 200 registros inseridos
2026-06-02 13:36:16  INFO  Lote 14: 200 registros inseridos
2026-06-02 13:36:17  INFO  Lote 15: 200 registros inseridos
2026-06-02 13:36:17  INFO  Lote 16: 200 registros inseridos
2026-06-02 13:36:18  INFO  Lote 17: 200 registros inseridos
2026-06-02 13:36:18  INFO  Lote 18: 200 registros inseridos
2026-06-02 13:36:19  INFO  Lote 19: 200 registros inseridos
2026-06-02 13:36:20  INFO  Lote 20: 200 registros inseridos
2026-06-02 13:36:20  INFO  Lote 21: 200 registros inseridos
2026-06-02 13:36:21  INFO  Lote 22: 200 registros inseridos
2026-06-02 13:36:21  INFO  Lote 23: 200 registros inseridos
2026-06-02 13:36:22  INFO  Lote 24: 200 registros inseridos
2026-06-02 13:36:23  INFO  Lote 25: 200 registros inseridos
2026-06-02 13:36:24  INFO  Lote 26: 200 registros inseridos
2026-06-02 13:36:25  INFO  Lote 27: 200 registros inseridos
2026-06-02 13:36:26  INFO  Lote 28: 200 registros inseridos
2026-06-02 13:36:27  INFO  Lote 29: 200 registros inseridos
2026-06-02 13:36:28  INFO  Lote 30: 200 registros inseridos
2026-06-02 13:36:29  INFO  Lote 31: 200 registros inseridos
2026-06-02 13:36:29  INFO  Lote 32: 200 registros inseridos
2026-06-02 13:36:31  INFO  Lote 33: 200 registros inseridos
2026-06-02 13:36:33  INFO  Lote 34: 200 registros inseridos
2026-06-02 13:36:34  INFO  Lote 35: 200 registros inseridos
2026-06-02 13:36:36  INFO  Lote 36: 200 registros inseridos
2026-06-02 13:36:37  INFO  Lote 37: 200 registros inseridos
2026-06-02 13:36:39  INFO  Lote 38: 200 registros inseridos
2026-06-02 13:36:40  INFO  Lote 39: 200 registros inseridos
2026-06-02 13:36:42  INFO  Lote 40: 200 registros inseridos
2026-06-02 13:36:44  INFO  Lote 41: 200 registros inseridos
2026-06-02 13:36:46  INFO  Lote 42: 200 registros inseridos
2026-06-02 13:36:47  INFO  Lote 43: 200 registros inseridos
2026-06-02 13:36:49  INFO  Lote 44: 200 registros inseridos
2026-06-02 13:36:51  INFO  Lote 45: 200 registros inseridos
2026-06-02 13:36:52  INFO  Lote 46: 200 registros inseridos
2026-06-02 13:36:53  INFO  Lote 47: 200 registros inseridos
2026-06-02 13:36:54  INFO  Lote 48: 200 registros inseridos
2026-06-02 13:36:55  INFO  Lote 49: 200 registros inseridos
2026-06-02 13:36:56  INFO  Lote 50: 200 registros inseridos
2026-06-02 13:36:57  INFO  Lote 51: 200 registros inseridos
2026-06-02 13:36:58  INFO  Lote 52: 200 registros inseridos
2026-06-02 13:36:59  INFO  Lote 53: 200 registros inseridos
2026-06-02 13:37:00  INFO  Lote 54: 200 registros inseridos
2026-06-02 13:37:00  INFO  Lote 55: 200 registros inseridos
2026-06-02 13:37:02  INFO  Lote 56: 200 registros inseridos
2026-06-02 13:37:04  INFO  Lote 57: 200 registros inseridos
2026-06-02 13:37:04  INFO  Lote 58: 200 registros inseridos
2026-06-02 13:37:05  INFO  Lote 59: 200 registros inseridos
2026-06-02 13:37:06  INFO  Lote 60: 200 registros inseridos
2026-06-02 13:37:07  INFO  Lote 61: 200 registros inseridos
2026-06-02 13:37:08  INFO  Lote 62: 200 registros inseridos
2026-06-02 13:37:09  INFO  Lote 63: 200 registros inseridos
2026-06-02 13:37:10  INFO  Lote 64: 200 registros inseridos
2026-06-02 13:37:11  INFO  Lote 65: 200 registros inseridos
2026-06-02 13:37:11  INFO  Lote 66: 200 registros inseridos
2026-06-02 13:37:13  INFO  Lote 67: 200 registros inseridos
2026-06-02 13:37:15  INFO  Lote 68: 200 registros inseridos
2026-06-02 13:37:17  INFO  Lote 69: 200 registros inseridos
2026-06-02 13:37:19  INFO  Lote 70: 200 registros inseridos
2026-06-02 13:37:19  INFO  Lote 71: 200 registros inseridos
2026-06-02 13:37:20  INFO  Lote 72: 200 registros inseridos
2026-06-02 13:37:21  INFO  Lote 73: 200 registros inseridos
2026-06-02 13:37:22  INFO  Lote 74: 200 registros inseridos
2026-06-02 13:37:23  INFO  Lote 75: 200 registros inseridos
2026-06-02 13:37:24  INFO  Lote 76: 200 registros inseridos
2026-06-02 13:37:25  INFO  Lote 77: 200 registros inseridos
2026-06-02 13:37:26  INFO  Lote 78: 200 registros inseridos
2026-06-02 13:37:27  INFO  Lote 79: 200 registros inseridos
2026-06-02 13:37:27  INFO  Lote 80: 200 registros inseridos
2026-06-02 13:37:28  INFO  Lote 81: 200 registros inseridos
2026-06-02 13:37:29  INFO  Lote 82: 200 registros inseridos
2026-06-02 13:37:31  INFO  Lote 83: 200 registros inseridos
2026-06-02 13:37:32  INFO  Lote 84: 200 registros inseridos
2026-06-02 13:37:32  INFO  Lote 85: 200 registros inseridos
2026-06-02 13:37:33  INFO  Lote 86: 200 registros inseridos
2026-06-02 13:37:34  INFO  Lote 87: 200 registros inseridos
2026-06-02 13:37:34  INFO  Lote 88: 200 registros inseridos
2026-06-02 13:37:35  INFO  Lote 89: 200 registros inseridos
2026-06-02 13:37:36  INFO  Lote 90: 200 registros inseridos
2026-06-02 13:37:36  INFO  Lote 91: 200 registros inseridos
2026-06-02 13:37:37  INFO  Lote 92: 200 registros inseridos
2026-06-02 13:37:38  INFO  Lote 93: 200 registros inseridos
2026-06-02 13:37:38  INFO  Lote 94: 200 registros inseridos
2026-06-02 13:37:39  INFO  Lote 95: 200 registros inseridos
2026-06-02 13:37:40  INFO  Lote 96: 200 registros inseridos
2026-06-02 13:37:41  INFO  Lote 97: 200 registros inseridos
2026-06-02 13:37:41  INFO  Lote 98: 200 registros inseridos
2026-06-02 13:37:42  INFO  Lote 99: 200 registros inseridos
2026-06-02 13:37:43  INFO  Lote 100: 151 registros inseridos
2026-06-02 13:37:43  INFO  === Concluído ===
2026-06-02 13:42:03  INFO  === Início sync prazos ===
2026-06-02 13:42:03  INFO  Lendo Excel de prazos...
2026-06-02 13:42:03  ERROR  ERRO: [Errno 13] Permission denied: 'C:\\Users\\ach\\OneDrive - Peixoto e Cury Advogados\\Pastas - Time B\\Controladoria\\Base diária de atualização sócios\\v_pc_controle_prazos_trabalhista.xlsx'
Traceback (most recent call last):
  File "C:\Users\ach\temp_mobile_fix\dashboard-juridico\sync_prazos.py", line 157, in main
    registros = ler_excel()
                ^^^^^^^^^^^
  File "C:\Users\ach\temp_mobile_fix\dashboard-juridico\sync_prazos.py", line 34, in ler_excel
    wb = openpyxl.load_workbook(str(EXCEL), data_only=True, read_only=True)
         ^^^^^^^^^^^^^^^^^^^^^^^^^^^^^^^^^^^^^^^^^^^^^^^^^^^^^^^^^^^^^^^^^^
  File "C:\Users\ach\AppData\Local\Programs\Python\Python312\Lib\site-packages\openpyxl\reader\excel.py", line 346, in load_workbook
    reader = ExcelReader(filename, read_only, keep_vba,
             ^^^^^^^^^^^^^^^^^^^^^^^^^^^^^^^^^^^^^^^^^^
  File "C:\Users\ach\AppData\Local\Programs\Python\Python312\Lib\site-packages\openpyxl\reader\excel.py", line 123, in __init__
    self.archive = _validate_archive(fn)
                   ^^^^^^^^^^^^^^^^^^^^^
  File "C:\Users\ach\AppData\Local\Programs\Python\Python312\Lib\site-packages\openpyxl\reader\excel.py", line 95, in _validate_archive
    archive = ZipFile(filename, 'r')
              ^^^^^^^^^^^^^^^^^^^^^^
  File "C:\Users\ach\AppData\Local\Programs\Python\Python312\Lib\zipfile\__init__.py", line 1336, in __init__
    self.fp = io.open(file, filemode)
              ^^^^^^^^^^^^^^^^^^^^^^^
PermissionError: [Errno 13] Permission denied: 'C:\\Users\\ach\\OneDrive - Peixoto e Cury Advogados\\Pastas - Time B\\Controladoria\\Base diária de atualização sócios\\v_pc_controle_prazos_trabalhista.xlsx'
2026-06-02 13:42:21  INFO  === Início sync prazos ===
2026-06-02 13:42:21  INFO  Lendo Excel de prazos...
2026-06-02 13:42:21  ERROR  ERRO: [Errno 13] Permission denied: 'C:\\Users\\ach\\OneDrive - Peixoto e Cury Advogados\\Pastas - Time B\\Controladoria\\Base diária de atualização sócios\\v_pc_controle_prazos_trabalhista.xlsx'
Traceback (most recent call last):
  File "C:\Users\ach\temp_mobile_fix\dashboard-juridico\sync_prazos.py", line 157, in main
    registros = ler_excel()
                ^^^^^^^^^^^
  File "C:\Users\ach\temp_mobile_fix\dashboard-juridico\sync_prazos.py", line 34, in ler_excel
    wb = openpyxl.load_workbook(str(EXCEL), data_only=True, read_only=True)
         ^^^^^^^^^^^^^^^^^^^^^^^^^^^^^^^^^^^^^^^^^^^^^^^^^^^^^^^^^^^^^^^^^^
  File "C:\Users\ach\AppData\Local\Programs\Python\Python312\Lib\site-packages\openpyxl\reader\excel.py", line 346, in load_workbook
    reader = ExcelReader(filename, read_only, keep_vba,
             ^^^^^^^^^^^^^^^^^^^^^^^^^^^^^^^^^^^^^^^^^^
  File "C:\Users\ach\AppData\Local\Programs\Python\Python312\Lib\site-packages\openpyxl\reader\excel.py", line 123, in __init__
    self.archive = _validate_archive(fn)
                   ^^^^^^^^^^^^^^^^^^^^^
  File "C:\Users\ach\AppData\Local\Programs\Python\Python312\Lib\site-packages\openpyxl\reader\excel.py", line 95, in _validate_archive
    archive = ZipFile(filename, 'r')
              ^^^^^^^^^^^^^^^^^^^^^^
  File "C:\Users\ach\AppData\Local\Programs\Python\Python312\Lib\zipfile\__init__.py", line 1336, in __init__
    self.fp = io.open(file, filemode)
              ^^^^^^^^^^^^^^^^^^^^^^^
PermissionError: [Errno 13] Permission denied: 'C:\\Users\\ach\\OneDrive - Peixoto e Cury Advogados\\Pastas - Time B\\Controladoria\\Base diária de atualização sócios\\v_pc_controle_prazos_trabalhista.xlsx'
2026-06-02 13:42:51  INFO  === Início sync prazos ===
2026-06-02 13:42:51  INFO  Lendo Excel de prazos...
2026-06-02 13:42:57  INFO  16160 prazos lidos.
2026-06-02 13:42:58  INFO  JSON salvo: C:\Users\ach\temp_mobile_fix\dashboard-juridico\dados.json
2026-06-02 13:43:00  INFO  Delete Supabase: 204
2026-06-02 13:43:01  INFO  Lote 1: 200 registros inseridos
2026-06-02 13:43:02  INFO  Lote 2: 200 registros inseridos
2026-06-02 13:43:03  INFO  === Início sync prazos ===
2026-06-02 13:43:03  INFO  Lendo Excel de prazos...
2026-06-02 13:43:03  INFO  Lote 3: 200 registros inseridos
2026-06-02 13:43:04  INFO  Lote 4: 200 registros inseridos
2026-06-02 13:43:05  INFO  Lote 5: 200 registros inseridos
2026-06-02 13:43:06  INFO  Lote 6: 200 registros inseridos
2026-06-02 13:43:08  INFO  Lote 7: 200 registros inseridos
2026-06-02 13:43:08  INFO  16160 prazos lidos.
2026-06-02 13:43:08  INFO  JSON salvo: C:\Users\ach\temp_mobile_fix\dashboard-juridico\dados.json
2026-06-02 13:43:09  INFO  Lote 8: 200 registros inseridos
2026-06-02 13:43:09  INFO  Delete Supabase: 204
2026-06-02 13:43:10  INFO  Lote 9: 200 registros inseridos
2026-06-02 13:43:10  INFO  Lote 1: 200 registros inseridos
2026-06-02 13:43:11  INFO  Lote 10: 200 registros inseridos
2026-06-02 13:43:11  INFO  Lote 2: 200 registros inseridos
2026-06-02 13:43:12  INFO  Lote 11: 200 registros inseridos
2026-06-02 13:43:12  INFO  Lote 3: 200 registros inseridos
2026-06-02 13:43:13  INFO  Lote 12: 200 registros inseridos
2026-06-02 13:43:14  INFO  Lote 13: 200 registros inseridos
2026-06-02 13:43:14  INFO  Lote 4: 200 registros inseridos
2026-06-02 13:43:15  INFO  Lote 14: 200 registros inseridos
2026-06-02 13:43:15  INFO  Lote 5: 200 registros inseridos
2026-06-02 13:43:16  INFO  Lote 6: 200 registros inseridos

2026-06-02 13:43:17  INFO  Lote 16: 200 registros inseridos
2026-06-02 13:43:18  INFO  Lote 8: 200 registros inseridos
2026-06-02 13:43:18  INFO  Lote 17: 200 registros inseridos
2026-06-02 13:43:20  INFO  Lote 18: 200 registros inseridos
2026-06-02 13:43:20  INFO  Lote 9: 200 registros inseridos
2026-06-02 13:43:21  INFO  Lote 19: 200 registros inseridos
2026-06-02 13:43:22  INFO  Lote 10: 200 registros inseridos
2026-06-02 13:43:22  INFO  Lote 20: 200 registros inseridos
2026-06-02 13:43:23  INFO  Lote 11: 200 registros inseridos
2026-06-02 13:43:23  INFO  Lote 21: 200 registros inseridos
2026-06-02 13:43:23  INFO  Lote 12: 200 registros inseridos
2026-06-02 13:43:24  INFO  Lote 22: 200 registros inseridos
2026-06-02 13:43:25  INFO  Lote 13: 200 registros inseridos
2026-06-02 13:43:26  INFO  Lote 23: 200 registros inseridos
2026-06-02 13:43:27  INFO  Lote 14: 200 registros inseridos
2026-06-02 13:43:27  INFO  Lote 24: 200 registros inseridos
2026-06-02 13:43:28  INFO  Lote 15: 200 registros inseridos
2026-06-02 13:43:29  INFO  Lote 25: 200 registros inseridos
2026-06-02 13:43:29  INFO  Lote 16: 200 registros inseridos
2026-06-02 13:43:30  INFO  Lote 26: 200 registros inseridos
2026-06-02 13:43:30  INFO  Lote 17: 200 registros inseridos
2026-06-02 13:43:31  INFO  Lote 27: 200 registros inseridos
2026-06-02 13:43:32  INFO  Lote 28: 200 registros inseridos
2026-06-02 13:43:32  INFO  Lote 19: 200 registros inseridos
2026-06-02 13:43:33  INFO  Lote 20: 200 registros inseridos
2026-06-02 13:43:34  INFO  Lote 30: 200 registros inseridos
2026-06-02 13:43:34  INFO  Lote 21: 200 registros inseridos
2026-06-02 13:43:35  INFO  Lote 31: 200 registros inseridos
2026-06-02 13:43:35  INFO  Lote 22: 200 registros inseridos
2026-06-02 13:43:36  INFO  Lote 32: 200 registros inseridos
2026-06-02 13:43:36  INFO  Lote 23: 200 registros inseridos
2026-06-02 13:43:37  INFO  Lote 24: 200 registros inseridos
2026-06-02 13:43:37  INFO  Lote 33: 200 registros inseridos
2026-06-02 13:43:38  INFO  Lote 25: 200 registros inseridos
2026-06-02 13:43:38  INFO  Lote 34: 200 registros inseridos
2026-06-02 13:43:38  INFO  Lote 26: 200 registros inseridos
2026-06-02 13:43:38  INFO  Lote 35: 200 registros inseridos
2026-06-02 13:43:39  INFO  Lote 27: 200 registros inseridos
2026-06-02 13:43:40  INFO  Lote 28: 200 registros inseridos
2026-06-02 13:43:41  INFO  Lote 37: 200 registros inseridos
2026-06-02 13:43:42  INFO  Lote 38: 200 registros inseridos
2026-06-02 13:43:42  INFO  Lote 29: 200 registros inseridos
2026-06-02 13:43:43  INFO  Lote 30: 200 registros inseridos
2026-06-02 13:43:43  INFO  Lote 39: 200 registros inseridos
2026-06-02 13:43:44  INFO  Lote 31: 200 registros inseridos
2026-06-02 13:43:44  INFO  Lote 40: 200 registros inseridos
2026-06-02 13:43:46  INFO  Lote 32: 200 registros inseridos
2026-06-02 13:43:46  INFO  Lote 41: 200 registros inseridos
2026-06-02 13:43:47  INFO  Lote 42: 200 registros inseridos
2026-06-02 13:43:47  INFO  Lote 33: 200 registros inseridos
2026-06-02 13:43:48  INFO  Lote 43: 200 registros inseridos
2026-06-02 13:43:49  INFO  Lote 34: 200 registros inseridos
2026-06-02 13:43:49  INFO  Lote 44: 200 registros inseridos
2026-06-02 13:43:50  INFO  Lote 45: 200 registros inseridos
2026-06-02 13:43:50  INFO  Lote 36: 200 registros inseridos
2026-06-02 13:43:51  INFO  Lote 37: 200 registros inseridos
2026-06-02 13:43:51  INFO  Lote 46: 200 registros inseridos
2026-06-02 13:43:52  INFO  Lote 47: 200 registros inseridos
2026-06-02 13:43:52  INFO  Lote 38: 200 registros inseridos
2026-06-02 13:43:53  INFO  Lote 39: 200 registros inseridos
2026-06-02 13:43:53  INFO  Lote 48: 200 registros inseridos
2026-06-02 13:43:54  INFO  Lote 49: 200 registros inseridos
2026-06-02 13:43:54  INFO  Lote 40: 200 registros inseridos
2026-06-02 13:43:55  INFO  Lote 50: 200 registros inseridos
2026-06-02 13:43:55  INFO  Lote 41: 200 registros inseridos
2026-06-02 13:43:56  INFO  Lote 51: 200 registros inseridos
2026-06-02 13:43:56  INFO  Lote 42: 200 registros inseridos
2026-06-02 13:43:57  INFO  Lote 43: 200 registros inseridos
2026-06-02 13:43:57  INFO  Lote 53: 200 registros inseridos
2026-06-02 13:43:57  INFO  Lote 44: 200 registros inseridos
2026-06-02 13:43:58  INFO  Lote 45: 200 registros inseridos
2026-06-02 13:43:58  INFO  Lote 54: 200 registros inseridos
2026-06-02 13:43:59  INFO  Lote 46: 200 registros inseridos
2026-06-02 13:43:59  INFO  Lote 55: 200 registros inseridos
2026-06-02 13:44:00  INFO  Lote 47: 200 registros inseridos
2026-06-02 13:44:00  INFO  Lote 56: 200 registros inseridos
2026-06-02 13:44:01  INFO  Lote 48: 200 registros inseridos
2026-06-02 13:44:01  INFO  Lote 57: 200 registros inseridos
2026-06-02 13:44:02  INFO  Lote 58: 200 registros inseridos
2026-06-02 13:44:03  INFO  Lote 50: 200 registros inseridos
2026-06-02 13:44:03  INFO  Lote 59: 200 registros inseridos
2026-06-02 13:44:03  INFO  Lote 51: 200 registros inseridos
2026-06-02 13:44:03  INFO  Lote 60: 200 registros inseridos
2026-06-02 13:44:04  INFO  Lote 52: 200 registros inseridos
2026-06-02 13:44:04  INFO  Lote 61: 200 registros inseridos
2026-06-02 13:44:05  INFO  Lote 62: 200 registros inseridos
2026-06-02 13:44:05  INFO  Lote 53: 200 registros inseridos
2026-06-02 13:44:06  INFO  Lote 54: 200 registros inseridos
2026-06-02 13:44:07  INFO  Lote 63: 200 registros inseridos
2026-06-02 13:44:07  INFO  Lote 55: 200 registros inseridos
2026-06-02 13:44:07  INFO  Lote 64: 200 registros inseridos
2026-06-02 13:44:08  INFO  Lote 56: 200 registros inseridos
2026-06-02 13:44:08  INFO  Lote 65: 200 registros inseridos
2026-06-02 13:44:09  INFO  Lote 57: 200 registros inseridos
2026-06-02 13:44:09  INFO  Lote 66: 200 registros inseridos
2026-06-02 13:44:09  INFO  Lote 58: 200 registros inseridos
2026-06-02 13:44:10  INFO  Lote 67: 200 registros inseridos
2026-06-02 13:44:10  INFO  Lote 59: 200 registros inseridos
2026-06-02 13:44:11  INFO  Lote 68: 200 registros inseridos
2026-06-02 13:44:12  INFO  Lote 60: 200 registros inseridos
2026-06-02 13:44:12  INFO  Lote 69: 200 registros inseridos
2026-06-02 13:44:12  INFO  Lote 61: 200 registros inseridos
2026-06-02 13:44:13  INFO  Lote 70: 200 registros inseridos
2026-06-02 13:44:13  INFO  Lote 62: 200 registros inseridos
2026-06-02 13:44:14  INFO  Lote 71: 200 registros inseridos
2026-06-02 13:44:15  INFO  Lote 63: 200 registros inseridos
2026-06-02 13:44:16  INFO  Lote 72: 200 registros inseridos
2026-06-02 13:44:17  INFO  Lote 64: 200 registros inseridos
2026-06-02 13:44:18  INFO  Lote 73: 200 registros inseridos
2026-06-02 13:44:18  INFO  Lote 65: 200 registros inseridos
2026-06-02 13:44:19  INFO  Lote 74: 200 registros inseridos
2026-06-02 13:44:19  INFO  Lote 66: 200 registros inseridos
2026-06-02 13:44:19  INFO  Lote 75: 200 registros inseridos
2026-06-02 13:44:20  INFO  Lote 67: 200 registros inseridos
2026-06-02 13:44:20  INFO  Lote 76: 200 registros inseridos
2026-06-02 13:44:21  INFO  Lote 68: 200 registros inseridos
2026-06-02 13:44:21  INFO  Lote 77: 200 registros inseridos
2026-06-02 13:44:21  INFO  Lote 69: 200 registros inseridos
2026-06-02 13:44:22  INFO  Lote 78: 200 registros inseridos
2026-06-02 13:44:22  INFO  Lote 70: 200 registros inseridos
2026-06-02 13:44:23  INFO  Lote 79: 200 registros inseridos
2026-06-02 13:44:23  INFO  Lote 71: 200 registros inseridos
2026-06-02 13:44:23  INFO  Lote 80: 200 registros inseridos
2026-06-02 13:44:24  INFO  Lote 72: 200 registros inseridos
2026-06-02 13:44:24  INFO  Lote 81: 160 registros inseridos
2026-06-02 13:44:24  INFO  === Concluído ===
2026-06-02 13:44:24  INFO  Lote 73: 200 registros inseridos
2026-06-02 13:44:25  INFO  Lote 74: 200 registros inseridos
2026-06-02 13:44:26  INFO  Lote 75: 200 registros inseridos
2026-06-02 13:44:27  INFO  Lote 76: 200 registros inseridos
2026-06-02 13:44:27  INFO  Lote 77: 200 registros inseridos
2026-06-02 13:44:28  INFO  Lote 78: 200 registros inseridos
2026-06-02 13:44:29  INFO  Lote 79: 200 registros inseridos
2026-06-02 13:44:30  INFO  Lote 80: 200 registros inseridos
2026-06-02 13:44:30  INFO  Lote 81: 160 registros inseridos
2026-06-02 13:44:30  INFO  === Concluído ===
2026-06-02 13:46:00  INFO  === Início sync prazos ===
2026-06-02 13:46:00  INFO  Lendo Excel de prazos...
2026-06-02 13:46:04  INFO  15241 prazos lidos.
2026-06-02 13:46:04  INFO  JSON salvo: C:\Users\ach\temp_mobile_fix\dashboard-juridico\dados.json
2026-06-02 13:46:05  INFO  Delete Supabase: 204
2026-06-02 13:46:06  INFO  Lote 1: 200 registros inseridos
2026-06-02 13:46:08  INFO  Lote 2: 200 registros inseridos
2026-06-02 13:46:09  INFO  Lote 3: 200 registros inseridos
2026-06-02 13:46:09  INFO  Lote 4: 200 registros inseridos
2026-06-02 13:46:10  INFO  Lote 5: 200 registros inseridos
2026-06-02 13:46:11  INFO  Lote 6: 200 registros inseridos
2026-06-02 13:46:12  INFO  Lote 7: 200 registros inseridos
2026-06-02 13:46:14  INFO  Lote 8: 200 registros inseridos
2026-06-02 13:46:16  INFO  Lote 9: 200 registros inseridos
2026-06-02 13:46:18  INFO  Lote 10: 200 registros inseridos
2026-06-02 13:46:20  INFO  Lote 11: 200 registros inseridos
2026-06-02 13:46:21  INFO  Lote 12: 200 registros inseridos
2026-06-02 13:46:23  INFO  Lote 13: 200 registros inseridos
2026-06-02 13:46:25  INFO  Lote 14: 200 registros inseridos
2026-06-02 13:46:27  INFO  Lote 15: 200 registros inseridos
2026-06-02 13:46:28  INFO  Lote 16: 200 registros inseridos
2026-06-02 13:46:30  INFO  Lote 17: 200 registros inseridos
2026-06-02 13:46:32  INFO  Lote 18: 200 registros inseridos
2026-06-02 13:46:34  INFO  Lote 19: 200 registros inseridos
2026-06-02 13:46:34  INFO  Lote 20: 200 registros inseridos
2026-06-02 13:46:35  INFO  Lote 21: 200 registros inseridos
2026-06-02 13:46:36  INFO  Lote 22: 200 registros inseridos
2026-06-02 13:46:37  INFO  Lote 23: 200 registros inseridos
2026-06-02 13:46:38  INFO  Lote 24: 200 registros inseridos
2026-06-02 13:46:38  INFO  Lote 25: 200 registros inseridos
2026-06-02 13:46:39  INFO  Lote 26: 200 registros inseridos
2026-06-02 13:46:40  INFO  Lote 27: 200 registros inseridos
2026-06-02 13:46:41  INFO  Lote 28: 200 registros inseridos
2026-06-02 13:46:42  INFO  Lote 29: 200 registros inseridos
2026-06-02 13:46:43  INFO  Lote 30: 200 registros inseridos
2026-06-02 13:46:44  INFO  Lote 31: 200 registros inseridos
2026-06-02 13:46:45  INFO  Lote 32: 200 registros inseridos
2026-06-02 13:46:46  INFO  Lote 33: 200 registros inseridos
2026-06-02 13:46:46  INFO  Lote 34: 200 registros inseridos
2026-06-02 13:46:48  INFO  Lote 35: 200 registros inseridos
2026-06-02 13:46:49  INFO  Lote 36: 200 registros inseridos
2026-06-02 13:46:49  INFO  Lote 37: 200 registros inseridos
2026-06-02 13:46:50  INFO  Lote 38: 200 registros inseridos
2026-06-02 13:46:51  INFO  Lote 39: 200 registros inseridos
2026-06-02 13:46:52  INFO  Lote 40: 200 registros inseridos
2026-06-02 13:46:52  INFO  Lote 41: 200 registros inseridos
2026-06-02 13:46:53  INFO  Lote 42: 200 registros inseridos
2026-06-02 13:46:54  INFO  Lote 43: 200 registros inseridos
2026-06-02 13:46:55  INFO  Lote 44: 200 registros inseridos
2026-06-02 13:46:55  INFO  Lote 45: 200 registros inseridos
2026-06-02 13:46:56  INFO  Lote 46: 200 registros inseridos
2026-06-02 13:46:57  INFO  Lote 47: 200 registros inseridos
2026-06-02 13:46:58  INFO  Lote 48: 200 registros inseridos
2026-06-02 13:46:59  INFO  Lote 49: 200 registros inseridos
2026-06-02 13:46:59  INFO  Lote 50: 200 registros inseridos
2026-06-02 13:47:00  INFO  Lote 51: 200 registros inseridos
2026-06-02 13:47:01  INFO  Lote 52: 200 registros inseridos
2026-06-02 13:47:01  INFO  Lote 53: 200 registros inseridos
2026-06-02 13:47:02  INFO  Lote 54: 200 registros inseridos
2026-06-02 13:47:03  INFO  Lote 55: 200 registros inseridos
2026-06-02 13:47:04  INFO  Lote 56: 200 registros inseridos
2026-06-02 13:47:04  INFO  Lote 57: 200 registros inseridos
2026-06-02 13:47:05  INFO  Lote 58: 200 registros inseridos
2026-06-02 13:47:06  INFO  Lote 59: 200 registros inseridos
2026-06-02 13:47:07  INFO  Lote 60: 200 registros inseridos
2026-06-02 13:47:07  INFO  Lote 61: 200 registros inseridos
2026-06-02 13:47:08  INFO  Lote 62: 200 registros inseridos
2026-06-02 13:47:09  INFO  Lote 63: 200 registros inseridos
2026-06-02 13:47:09  INFO  Lote 64: 200 registros inseridos
2026-06-02 13:47:10  INFO  Lote 65: 200 registros inseridos
2026-06-02 13:47:11  INFO  Lote 66: 200 registros inseridos
2026-06-02 13:47:12  INFO  Lote 67: 200 registros inseridos
2026-06-02 13:47:12  INFO  Lote 68: 200 registros inseridos
2026-06-02 13:47:13  INFO  Lote 69: 200 registros inseridos
2026-06-02 13:47:14  INFO  Lote 70: 200 registros inseridos
2026-06-02 13:47:15  INFO  Lote 71: 200 registros inseridos
2026-06-02 13:47:15  INFO  Lote 72: 200 registros inseridos
2026-06-02 13:47:16  INFO  Lote 73: 200 registros inseridos
2026-06-02 13:47:17  INFO  Lote 74: 200 registros inseridos
2026-06-02 13:47:18  INFO  Lote 75: 200 registros inseridos
2026-06-02 13:47:18  INFO  Lote 76: 200 registros inseridos
2026-06-02 13:47:19  INFO  Lote 77: 41 registros inseridos
2026-06-02 13:47:19  INFO  === Concluído ===
